******************************************************************************
                  TI ARM Linker PC v16.9.4                     
******************************************************************************
>> Linked Tue Jan 02 15:48:26 2018

OUTPUT FILE NAME:   <Copy of project_zero_app_cc2650stk.out>
ENTRY POINT SYMBOL: "ResetISR"  address: 000035e9


MEMORY CONFIGURATION

         name            origin    length      used     unused   attr    fill
----------------------  --------  ---------  --------  --------  ----  --------
  FLASH                 00000000   0000f000  00005fae  00009052  R  X
  FLASH_LAST_PAGE       0001f000   00001000  00000058  00000fa8  R  X
  SRAM                  20000000   00004348  00001cd9  0000266f  RW X


SEGMENT ALLOCATION MAP

run origin  load origin   length   init length attrs members
----------  ----------- ---------- ----------- ----- -------
00000000    00000000    00005d1c   00005d1c    r-x
  00000000    00000000    0000003c   0000003c    r-- .resetVecs
  0000003c    0000003c    000000c4   000000c4    r-x .text.1
  00000100    00000100    0000003c   0000003c    r-- .const:ti_sysbios_knl_Task_Object__PARAMS__C
  0000013c    0000013c    00000034   00000034    r-- .const:ti_sysbios_knl_Mailbox_Object__PARAMS__C
  00000170    00000170    00000030   00000030    r-- .const:ti_sysbios_family_arm_m3_Hwi_Object__PARAMS__C
  000001a0    000001a0    0000002c   0000002c    r-- .const:ti_sysbios_hal_Hwi_Object__PARAMS__C
  000001cc    000001cc    00000028   00000028    r-- .const:ti_sysbios_heaps_HeapMem_Module__FXNS__C
  000001f4    000001f4    00000028   00000028    r-- .const:ti_sysbios_knl_Swi_Object__PARAMS__C
  0000021c    0000021c    00000024   00000024    r-- .const:ti_sysbios_gates_GateHwi_Module__FXNS__C
  00000240    00000240    00000024   00000024    r-- .const:ti_sysbios_gates_GateMutex_Module__FXNS__C
  00000264    00000264    00000024   00000024    r-- .const:ti_sysbios_heaps_HeapMem_Object__PARAMS__C
  00000288    00000288    00000024   00000024    r-- .const:ti_sysbios_knl_Clock_Object__PARAMS__C
  000002ac    000002ac    00000024   00000024    r-- .const:ti_sysbios_knl_Semaphore_Object__PARAMS__C
  000002d0    000002d0    00000020   00000020    r-- .const:ti_sysbios_family_arm_m3_Hwi_Object__DESC__C
  000002f0    000002f0    00000020   00000020    r-- .const:ti_sysbios_gates_GateHwi_Object__DESC__C
  00000310    00000310    00000020   00000020    r-- .const:ti_sysbios_gates_GateMutex_Object__DESC__C
  00000330    00000330    00000020   00000020    r-- .const:ti_sysbios_hal_Hwi_Object__DESC__C
  00000350    00000350    00000020   00000020    r-- .const:ti_sysbios_heaps_HeapMem_Object__DESC__C
  00000370    00000370    00000020   00000020    r-- .const:ti_sysbios_knl_Clock_Object__DESC__C
  00000390    00000390    00000020   00000020    r-- .const:ti_sysbios_knl_Mailbox_Object__DESC__C
  000003b0    000003b0    00000020   00000020    r-- .const:ti_sysbios_knl_Queue_Object__DESC__C
  000003d0    000003d0    00000020   00000020    r-- .const:ti_sysbios_knl_Semaphore_Object__DESC__C
  000003f0    000003f0    00000020   00000020    r-- .const:ti_sysbios_knl_Swi_Object__DESC__C
  00000410    00000410    00000020   00000020    r-- .const:ti_sysbios_knl_Task_Object__DESC__C
  00000430    00000430    00000018   00000018    r-- .const:ti_sysbios_gates_GateHwi_Object__PARAMS__C
  00000448    00000448    00000018   00000018    r-- .const:ti_sysbios_gates_GateMutex_Object__PARAMS__C
  00000460    00000460    00000018   00000018    r-- .const:ti_sysbios_knl_Queue_Object__PARAMS__C
  00000478    00000478    00000008   00000008    r-- .const:ti_sysbios_knl_Idle_funcList__C
  00000480    00000480    00000004   00000004    r-x .text.2
  00000484    00000484    00000004   00000004    r-- .const:ti_sysbios_family_arm_cc26xx_Timer_startupNeeded__C
  00000488    00000488    00000004   00000004    r-- .const:ti_sysbios_family_arm_m3_Hwi_E_alreadyDefined__C
  0000048c    0000048c    00000004   00000004    r-- .const:ti_sysbios_family_arm_m3_Hwi_E_hwiLimitExceeded__C
  00000490    00000490    00000004   00000004    r-- .const:ti_sysbios_family_arm_m3_Hwi_NUM_INTERRUPTS__C
  00000494    00000494    00000004   00000004    r-- .const:ti_sysbios_family_arm_m3_Hwi_Object__count__C
  00000498    00000498    00000004   00000004    r-- .const:ti_sysbios_family_arm_m3_Hwi_Object__table__C
  0000049c    0000049c    00000004   00000004    r-- .const:ti_sysbios_family_arm_m3_Hwi_ccr__C
  000004a0    000004a0    00000004   00000004    r-- .const:ti_sysbios_family_arm_m3_Hwi_excHandlerFunc__C
  000004a4    000004a4    00000004   00000004    r-- .const:ti_sysbios_family_arm_m3_Hwi_nullIsrFunc__C
  000004a8    000004a8    00000004   00000004    r-- .const:ti_sysbios_family_arm_m3_Hwi_numSparseInterrupts__C
  000004ac    000004ac    00000004   00000004    r-- .const:ti_sysbios_family_arm_m3_Hwi_priGroup__C
  000004b0    000004b0    00000004   00000004    r-- .const:ti_sysbios_family_arm_m3_TaskSupport_stackAlignment__C
  000004b4    000004b4    00000004   00000004    r-- .const:ti_sysbios_heaps_HeapMem_E_memory__C
  000004b8    000004b8    00000004   00000004    r-- .const:ti_sysbios_heaps_HeapMem_Module__gateObj__C
  000004bc    000004bc    00000004   00000004    r-- .const:ti_sysbios_heaps_HeapMem_Object__count__C
  000004c0    000004c0    00000004   00000004    r-- .const:ti_sysbios_heaps_HeapMem_Object__table__C
  000004c4    000004c4    00000004   00000004    r-- .const:ti_sysbios_heaps_HeapMem_reqAlign__C
  000004c8    000004c8    00000004   00000004    r-- .const:ti_sysbios_knl_Clock_serviceMargin__C
  000004cc    000004cc    00000004   00000004    r-- .const:ti_sysbios_knl_Mailbox_Object__count__C
  000004d0    000004d0    00000004   00000004    r-- .const:ti_sysbios_knl_Mailbox_Object__table__C
  000004d4    000004d4    00000004   00000004    r-- .const:ti_sysbios_knl_Queue_Object__count__C
  000004d8    000004d8    00000004   00000004    r-- .const:ti_sysbios_knl_Queue_Object__table__C
  000004dc    000004dc    00000004   00000004    r-- .const:ti_sysbios_knl_Swi_Object__count__C
  000004e0    000004e0    00000004   00000004    r-- .const:ti_sysbios_knl_Swi_Object__table__C
  000004e4    000004e4    00000004   00000004    r-- .const:ti_sysbios_knl_Swi_numPriorities__C
  000004e8    000004e8    00000004   00000004    r-- .const:ti_sysbios_knl_Task_Object__count__C
  000004ec    000004ec    00000004   00000004    r-- .const:ti_sysbios_knl_Task_Object__table__C
  000004f0    000004f0    00000004   00000004    r-- .const:ti_sysbios_knl_Task_allBlockedFunc__C
  000004f4    000004f4    00000004   00000004    r-- .const:ti_sysbios_knl_Task_defaultStackHeap__C
  000004f8    000004f8    00000004   00000004    r-- .const:ti_sysbios_knl_Task_defaultStackSize__C
  000004fc    000004fc    00000004   00000004    r-- .const:ti_sysbios_knl_Task_numConstructedTasks__C
  00000500    00000500    00000002   00000002    r-x .text.3
  00000502    00000502    00000002   00000002    r-- .const:ti_sysbios_family_arm_cc26xx_Timer_Module__id__C
  00000504    00000504    00000002   00000002    r-- .const:ti_sysbios_family_arm_cc26xx_TimestampProvider_useClockTimer__C
  00000506    00000506    00000002   00000002    r-- .const:ti_sysbios_family_arm_m3_Hwi_Module__id__C
  00000508    00000508    00000002   00000002    r-- .const:ti_sysbios_gates_GateHwi_Module__id__C
  0000050a    0000050a    00000002   00000002    r-- .const:ti_sysbios_gates_GateMutex_Module__id__C
  0000050c    0000050c    00000002   00000002    r-- .const:ti_sysbios_heaps_HeapMem_Module__id__C
  0000050e    0000050e    00000002   00000002    r-- .const:ti_sysbios_knl_Task_initStackFlag__C
  00000510    00000510    00000001   00000001    r-- .const:ti_sysbios_knl_Clock_tickMode__C
  00000514    00000514    00000008   00000008    r-- .const:xdc_runtime_Startup_firstFxns__C
  0000051c    0000051c    00000008   00000008    r-- .const:xdc_runtime_Startup_lastFxns__C
  00000524    00000524    00000004   00000004    r-- .const:xdc_runtime_Assert_E_assertFailed__C
  00000528    00000528    00000004   00000004    r-- .const:xdc_runtime_Error_E_memory__C
  0000052c    0000052c    00000004   00000004    r-- .const:xdc_runtime_Error_policyFxn__C
  00000530    00000530    00000004   00000004    r-- .const:xdc_runtime_IGateProvider_Interface__BASE__C
  00000534    00000534    00000004   00000004    r-- .const:xdc_runtime_IHeap_Interface__BASE__C
  00000538    00000538    00000004   00000004    r-- .const:xdc_runtime_IModule_Interface__BASE__C
  0000053c    0000053c    00000004   00000004    r-- .const:xdc_runtime_Main_Module__diagsEnabled__C
  00000540    00000540    00000004   00000004    r-- .const:xdc_runtime_Main_Module__diagsIncluded__C
  00000544    00000544    00000004   00000004    r-- .const:xdc_runtime_Main_Module__diagsMask__C
  00000548    00000548    00000004   00000004    r-- .const:xdc_runtime_Memory_defaultHeapInstance__C
  0000054c    0000054c    00000004   00000004    r-- .const:xdc_runtime_Startup_execImpl__C
  00000550    00000550    00000004   00000004    r-- .const:xdc_runtime_Startup_maxPasses__C
  00000554    00000554    00000004   00000004    r-- .const:xdc_runtime_Startup_sfxnRts__C
  00000558    00000558    00000004   00000004    r-- .const:xdc_runtime_Startup_sfxnTab__C
  0000055c    0000055c    00000004   00000004    r-- .const:xdc_runtime_Startup_startModsFxn__C
  00000560    00000560    00000004   00000004    r-- .const:xdc_runtime_SysCallback_abortFxn__C
  00000564    00000564    00000004   00000004    r-- .const:xdc_runtime_SysCallback_exitFxn__C
  00000568    00000568    00000004   00000004    r-- .const:xdc_runtime_System_abortFxn__C
  0000056c    0000056c    00000004   00000004    r-- .const:xdc_runtime_System_exitFxn__C
  00000570    00000570    00000004   00000004    r-- .const:xdc_runtime_System_maxAtexitHandlers__C
  00000574    00000574    00000004   00000004    r-- .const:xdc_runtime_Text_charTab__C
  00000578    00000578    00000004   00000004    r-- .const:xdc_runtime_Text_nameEmpty__C
  0000057c    0000057c    00000004   00000004    r-- .const:xdc_runtime_Text_nameStatic__C
  00000580    00000580    00000004   00000004    r-- .const:xdc_runtime_Text_nameUnknown__C
  00000584    00000584    00000002   00000002    r-- .const:xdc_runtime_Main_Module__id__C
  00000586    00000586    00000002   00000002    r-- .const:xdc_runtime_Memory_Module__id__C
  00000588    00000588    00000002   00000002    r-- .const:xdc_runtime_Text_charCnt__C
  0000058a    0000058a    00000002   00000002    r-- .const:xdc_runtime_Text_isLoaded__C
  0000058c    0000058c    00000001   00000001    r-- .const:xdc_runtime_Error_policy__C
  00000590    00000590    00000004   00000004    r-- .const:ti_sysbios_rom_ROM_AONRTCChannelEnable
  00000594    00000594    00000004   00000004    r-- .const:ti_sysbios_rom_ROM_AONRTCCompareValueSet
  00000598    00000598    00000004   00000004    r-- .const:ti_sysbios_rom_ROM_AONRTCCurrentCompareValueGet
  0000059c    0000059c    00000004   00000004    r-- .const:ti_sysbios_rom_ROM_AONRTCEventClear
  000005a0    000005a0    00000004   00000004    r-- .const:ti_sysbios_rom_ROM_ti_sysbios_family_arm_cc26xx_Timer_getCount64__E
  000005a4    000005a4    00000004   00000004    r-- .const:ti_sysbios_rom_ROM_ti_sysbios_family_arm_cc26xx_Timer_getCurrentTick__E
  000005a8    000005a8    00000004   00000004    r-- .const:ti_sysbios_rom_ROM_ti_sysbios_family_arm_cc26xx_Timer_getMaxTicks__E
  000005ac    000005ac    00000004   00000004    r-- .const:ti_sysbios_rom_ROM_ti_sysbios_family_arm_cc26xx_Timer_initDevice__I
  000005b0    000005b0    00000004   00000004    r-- .const:ti_sysbios_rom_ROM_ti_sysbios_family_arm_cc26xx_Timer_setNextTick__E
  000005b4    000005b4    00000004   00000004    r-- .const:ti_sysbios_rom_ROM_ti_sysbios_family_arm_cc26xx_Timer_setThreshold__I
  000005b8    000005b8    00000004   00000004    r-- .const:ti_sysbios_rom_ROM_ti_sysbios_family_arm_cc26xx_Timer_start__E
  000005bc    000005bc    00000004   00000004    r-- .const:ti_sysbios_rom_ROM_ti_sysbios_family_arm_cc26xx_TimestampProvider_get32__E
  000005c0    000005c0    00000004   00000004    r-- .const:ti_sysbios_rom_ROM_xdc_runtime_Startup_getState__I
  000005c4    000005c4    00000004   00000004    r-- .const:ti_sysbios_rom_ROM_xdc_runtime_System_SupportProxy_abort__E
  000005c8    000005c8    00000004   00000004    r-- .const:ti_sysbios_rom_ROM_xdc_runtime_System_SupportProxy_exit__E
  000005cc    000005cc    00000004   00000004    r-- .const:ti_sysbios_gates_GateMutex_Instance_State_sem__O
  000005d0    000005d0    00000004   00000004    r-- .const:ti_sysbios_knl_Clock_Module_State_clockQ__O
  000005d4    000005d4    00000004   00000004    r-- .const:ti_sysbios_knl_Mailbox_Instance_State_dataQue__O
  000005d8    000005d8    00000004   00000004    r-- .const:ti_sysbios_knl_Mailbox_Instance_State_dataSem__O
  000005dc    000005dc    00000004   00000004    r-- .const:ti_sysbios_knl_Mailbox_Instance_State_freeQue__O
  000005e0    000005e0    00000004   00000004    r-- .const:ti_sysbios_knl_Mailbox_Instance_State_freeSem__O
  000005e4    000005e4    00000004   00000004    r-- .const:ti_sysbios_knl_Semaphore_Instance_State_pendQ__O
  000005e8    000005e8    00000004   00000004    r-- .const:ti_sysbios_knl_Task_Module_State_inactiveQ__O
  000005ec    000005ec    00003d58   00003d58    r-x .text.4
  00004344    00004344    000019d8   000019d8    r-- .const
00005d1c    00005d1c    00000008   00000008    rw-
  00005d1c    00005d1c    00000008   00000008    rw- .args
00005d28    00005d28    00000290   00000290    r--
  00005d28    00005d28    00000290   00000290    r-- .cinit
0001ffa8    0001ffa8    00000058   00000058    r--
  0001ffa8    0001ffa8    00000058   00000058    r-- .ccfg
20000100    20000100    00001815   00000000    rw-
  20000100    20000100    00000044   00000000    rw- .data:ti_sysbios_knl_Task_Module__state__V
  20000144    20000144    00000034   00000000    rw- .data:ti_sysbios_family_arm_m3_Hwi_Module__state__V
  20000178    20000178    0000002c   00000000    rw- .data:ti_sysbios_knl_Clock_Module__state__V
  200001a4    200001a4    00000024   00000000    rw- .data:ti_sysbios_BIOS_Module__state__V
  200001c8    200001c8    0000001c   00000000    rw- .data:ti_sysbios_knl_Swi_Module__state__V
  200001e4    200001e4    00000008   00000000    rw- .data:ti_sysbios_family_arm_cc26xx_Timer_Module__state__V
  200001ec    200001ec    00000004   00000000    rw- .data:ti_sysbios_family_arm_cc26xx_TimestampProvider_Module__state__V
  200001f0    200001f0    00000008   00000000    rw- .data:xdc_runtime_Startup_Module__state__V
  200001f8    200001f8    00000008   00000000    rw- .data:xdc_runtime_System_Module__state__V
  20000200    20000200    00000004   00000000    rw- .data:xdc_runtime_Memory_Module__state__V
  20000208    20000208    00000b6e   00000000    rw- .data
  20000d78    20000d78    00000b9d   00000000    rw- .bss
20003f48    20003f48    00000400   00000000    rw-
  20003f48    20003f48    00000400   00000000    rw- .stack


SECTION ALLOCATION MAP

 output                                  attributes/
section   page    origin      length       input sections
--------  ----  ----------  ----------   ----------------
.resetVecs 
*          0    00000000    0000003c     
                  00000000    0000003c     app_ble_uartlog_pem3.oem3 (.resetVecs)

.text.1    0    0000003c    000000c4     
                  0000003c    000000bc     rtsv7M3_T_le_eabi.lib : fclose.obj (.text)
                  000000f8    00000004     drivers_cc26xxware.aem3 : List.oem3 (.text:List_head)
                  000000fc    00000004                             : List.oem3 (.text:List_next)

.const:ti_sysbios_knl_Task_Object__PARAMS__C 
*          0    00000100    0000003c     
                  00000100    0000003c     app_ble_uartlog_pem3.oem3 (.const:ti_sysbios_knl_Task_Object__PARAMS__C)

.const:ti_sysbios_knl_Mailbox_Object__PARAMS__C 
*          0    0000013c    00000034     
                  0000013c    00000034     app_ble_uartlog_pem3.oem3 (.const:ti_sysbios_knl_Mailbox_Object__PARAMS__C)

.const:ti_sysbios_family_arm_m3_Hwi_Object__PARAMS__C 
*          0    00000170    00000030     
                  00000170    00000030     app_ble_uartlog_pem3.oem3 (.const:ti_sysbios_family_arm_m3_Hwi_Object__PARAMS__C)

.const:ti_sysbios_hal_Hwi_Object__PARAMS__C 
*          0    000001a0    0000002c     
                  000001a0    0000002c     app_ble_uartlog_pem3.oem3 (.const:ti_sysbios_hal_Hwi_Object__PARAMS__C)

.const:ti_sysbios_heaps_HeapMem_Module__FXNS__C 
*          0    000001cc    00000028     
                  000001cc    00000028     app_ble_uartlog_pem3.oem3 (.const:ti_sysbios_heaps_HeapMem_Module__FXNS__C)

.const:ti_sysbios_knl_Swi_Object__PARAMS__C 
*          0    000001f4    00000028     
                  000001f4    00000028     app_ble_uartlog_pem3.oem3 (.const:ti_sysbios_knl_Swi_Object__PARAMS__C)

.const:ti_sysbios_gates_GateHwi_Module__FXNS__C 
*          0    0000021c    00000024     
                  0000021c    00000024     app_ble_uartlog_pem3.oem3 (.const:ti_sysbios_gates_GateHwi_Module__FXNS__C)

.const:ti_sysbios_gates_GateMutex_Module__FXNS__C 
*          0    00000240    00000024     
                  00000240    00000024     app_ble_uartlog_pem3.oem3 (.const:ti_sysbios_gates_GateMutex_Module__FXNS__C)

.const:ti_sysbios_heaps_HeapMem_Object__PARAMS__C 
*          0    00000264    00000024     
                  00000264    00000024     app_ble_uartlog_pem3.oem3 (.const:ti_sysbios_heaps_HeapMem_Object__PARAMS__C)

.const:ti_sysbios_knl_Clock_Object__PARAMS__C 
*          0    00000288    00000024     
                  00000288    00000024     app_ble_uartlog_pem3.oem3 (.const:ti_sysbios_knl_Clock_Object__PARAMS__C)

.const:ti_sysbios_knl_Semaphore_Object__PARAMS__C 
*          0    000002ac    00000024     
                  000002ac    00000024     app_ble_uartlog_pem3.oem3 (.const:ti_sysbios_knl_Semaphore_Object__PARAMS__C)

.const:ti_sysbios_family_arm_m3_Hwi_Object__DESC__C 
*          0    000002d0    00000020     
                  000002d0    00000020     app_ble_uartlog_pem3.oem3 (.const:ti_sysbios_family_arm_m3_Hwi_Object__DESC__C)

.const:ti_sysbios_gates_GateHwi_Object__DESC__C 
*          0    000002f0    00000020     
                  000002f0    00000020     app_ble_uartlog_pem3.oem3 (.const:ti_sysbios_gates_GateHwi_Object__DESC__C)

.const:ti_sysbios_gates_GateMutex_Object__DESC__C 
*          0    00000310    00000020     
                  00000310    00000020     app_ble_uartlog_pem3.oem3 (.const:ti_sysbios_gates_GateMutex_Object__DESC__C)

.const:ti_sysbios_hal_Hwi_Object__DESC__C 
*          0    00000330    00000020     
                  00000330    00000020     app_ble_uartlog_pem3.oem3 (.const:ti_sysbios_hal_Hwi_Object__DESC__C)

.const:ti_sysbios_heaps_HeapMem_Object__DESC__C 
*          0    00000350    00000020     
                  00000350    00000020     app_ble_uartlog_pem3.oem3 (.const:ti_sysbios_heaps_HeapMem_Object__DESC__C)

.const:ti_sysbios_knl_Clock_Object__DESC__C 
*          0    00000370    00000020     
                  00000370    00000020     app_ble_uartlog_pem3.oem3 (.const:ti_sysbios_knl_Clock_Object__DESC__C)

.const:ti_sysbios_knl_Mailbox_Object__DESC__C 
*          0    00000390    00000020     
                  00000390    00000020     app_ble_uartlog_pem3.oem3 (.const:ti_sysbios_knl_Mailbox_Object__DESC__C)

.const:ti_sysbios_knl_Queue_Object__DESC__C 
*          0    000003b0    00000020     
                  000003b0    00000020     app_ble_uartlog_pem3.oem3 (.const:ti_sysbios_knl_Queue_Object__DESC__C)

.const:ti_sysbios_knl_Semaphore_Object__DESC__C 
*          0    000003d0    00000020     
                  000003d0    00000020     app_ble_uartlog_pem3.oem3 (.const:ti_sysbios_knl_Semaphore_Object__DESC__C)

.const:ti_sysbios_knl_Swi_Object__DESC__C 
*          0    000003f0    00000020     
                  000003f0    00000020     app_ble_uartlog_pem3.oem3 (.const:ti_sysbios_knl_Swi_Object__DESC__C)

.const:ti_sysbios_knl_Task_Object__DESC__C 
*          0    00000410    00000020     
                  00000410    00000020     app_ble_uartlog_pem3.oem3 (.const:ti_sysbios_knl_Task_Object__DESC__C)

.const:ti_sysbios_gates_GateHwi_Object__PARAMS__C 
*          0    00000430    00000018     
                  00000430    00000018     app_ble_uartlog_pem3.oem3 (.const:ti_sysbios_gates_GateHwi_Object__PARAMS__C)

.const:ti_sysbios_gates_GateMutex_Object__PARAMS__C 
*          0    00000448    00000018     
                  00000448    00000018     app_ble_uartlog_pem3.oem3 (.const:ti_sysbios_gates_GateMutex_Object__PARAMS__C)

.const:ti_sysbios_knl_Queue_Object__PARAMS__C 
*          0    00000460    00000018     
                  00000460    00000018     app_ble_uartlog_pem3.oem3 (.const:ti_sysbios_knl_Queue_Object__PARAMS__C)

.const:ti_sysbios_knl_Idle_funcList__C 
*          0    00000478    00000008     
                  00000478    00000008     app_ble_uartlog_pem3.oem3 (.const:ti_sysbios_knl_Idle_funcList__C)

.text.2    0    00000480    00000004     
                  00000480    00000004     drivers_cc26xxware.aem3 : PowerCC26XX.oem3 (.text:nopResourceHandler)

.const:ti_sysbios_family_arm_cc26xx_Timer_startupNeeded__C 
*          0    00000484    00000004     
                  00000484    00000004     app_ble_uartlog_pem3.oem3 (.const:ti_sysbios_family_arm_cc26xx_Timer_startupNeeded__C)

.const:ti_sysbios_family_arm_m3_Hwi_E_alreadyDefined__C 
*          0    00000488    00000004     
                  00000488    00000004     app_ble_uartlog_pem3.oem3 (.const:ti_sysbios_family_arm_m3_Hwi_E_alreadyDefined__C)

.const:ti_sysbios_family_arm_m3_Hwi_E_hwiLimitExceeded__C 
*          0    0000048c    00000004     
                  0000048c    00000004     app_ble_uartlog_pem3.oem3 (.const:ti_sysbios_family_arm_m3_Hwi_E_hwiLimitExceeded__C)

.const:ti_sysbios_family_arm_m3_Hwi_NUM_INTERRUPTS__C 
*          0    00000490    00000004     
                  00000490    00000004     app_ble_uartlog_pem3.oem3 (.const:ti_sysbios_family_arm_m3_Hwi_NUM_INTERRUPTS__C)

.const:ti_sysbios_family_arm_m3_Hwi_Object__count__C 
*          0    00000494    00000004     
                  00000494    00000004     app_ble_uartlog_pem3.oem3 (.const:ti_sysbios_family_arm_m3_Hwi_Object__count__C)

.const:ti_sysbios_family_arm_m3_Hwi_Object__table__C 
*          0    00000498    00000004     
                  00000498    00000004     app_ble_uartlog_pem3.oem3 (.const:ti_sysbios_family_arm_m3_Hwi_Object__table__C)

.const:ti_sysbios_family_arm_m3_Hwi_ccr__C 
*          0    0000049c    00000004     
                  0000049c    00000004     app_ble_uartlog_pem3.oem3 (.const:ti_sysbios_family_arm_m3_Hwi_ccr__C)

.const:ti_sysbios_family_arm_m3_Hwi_excHandlerFunc__C 
*          0    000004a0    00000004     
                  000004a0    00000004     app_ble_uartlog_pem3.oem3 (.const:ti_sysbios_family_arm_m3_Hwi_excHandlerFunc__C)

.const:ti_sysbios_family_arm_m3_Hwi_nullIsrFunc__C 
*          0    000004a4    00000004     
                  000004a4    00000004     app_ble_uartlog_pem3.oem3 (.const:ti_sysbios_family_arm_m3_Hwi_nullIsrFunc__C)

.const:ti_sysbios_family_arm_m3_Hwi_numSparseInterrupts__C 
*          0    000004a8    00000004     
                  000004a8    00000004     app_ble_uartlog_pem3.oem3 (.const:ti_sysbios_family_arm_m3_Hwi_numSparseInterrupts__C)

.const:ti_sysbios_family_arm_m3_Hwi_priGroup__C 
*          0    000004ac    00000004     
                  000004ac    00000004     app_ble_uartlog_pem3.oem3 (.const:ti_sysbios_family_arm_m3_Hwi_priGroup__C)

.const:ti_sysbios_family_arm_m3_TaskSupport_stackAlignment__C 
*          0    000004b0    00000004     
                  000004b0    00000004     app_ble_uartlog_pem3.oem3 (.const:ti_sysbios_family_arm_m3_TaskSupport_stackAlignment__C)

.const:ti_sysbios_heaps_HeapMem_E_memory__C 
*          0    000004b4    00000004     
                  000004b4    00000004     app_ble_uartlog_pem3.oem3 (.const:ti_sysbios_heaps_HeapMem_E_memory__C)

.const:ti_sysbios_heaps_HeapMem_Module__gateObj__C 
*          0    000004b8    00000004     
                  000004b8    00000004     app_ble_uartlog_pem3.oem3 (.const:ti_sysbios_heaps_HeapMem_Module__gateObj__C)

.const:ti_sysbios_heaps_HeapMem_Object__count__C 
*          0    000004bc    00000004     
                  000004bc    00000004     app_ble_uartlog_pem3.oem3 (.const:ti_sysbios_heaps_HeapMem_Object__count__C)

.const:ti_sysbios_heaps_HeapMem_Object__table__C 
*          0    000004c0    00000004     
                  000004c0    00000004     app_ble_uartlog_pem3.oem3 (.const:ti_sysbios_heaps_HeapMem_Object__table__C)

.const:ti_sysbios_heaps_HeapMem_reqAlign__C 
*          0    000004c4    00000004     
                  000004c4    00000004     app_ble_uartlog_pem3.oem3 (.const:ti_sysbios_heaps_HeapMem_reqAlign__C)

.const:ti_sysbios_knl_Clock_serviceMargin__C 
*          0    000004c8    00000004     
                  000004c8    00000004     app_ble_uartlog_pem3.oem3 (.const:ti_sysbios_knl_Clock_serviceMargin__C)

.const:ti_sysbios_knl_Mailbox_Object__count__C 
*          0    000004cc    00000004     
                  000004cc    00000004     app_ble_uartlog_pem3.oem3 (.const:ti_sysbios_knl_Mailbox_Object__count__C)

.const:ti_sysbios_knl_Mailbox_Object__table__C 
*          0    000004d0    00000004     
                  000004d0    00000004     app_ble_uartlog_pem3.oem3 (.const:ti_sysbios_knl_Mailbox_Object__table__C)

.const:ti_sysbios_knl_Queue_Object__count__C 
*          0    000004d4    00000004     
                  000004d4    00000004     app_ble_uartlog_pem3.oem3 (.const:ti_sysbios_knl_Queue_Object__count__C)

.const:ti_sysbios_knl_Queue_Object__table__C 
*          0    000004d8    00000004     
                  000004d8    00000004     app_ble_uartlog_pem3.oem3 (.const:ti_sysbios_knl_Queue_Object__table__C)

.const:ti_sysbios_knl_Swi_Object__count__C 
*          0    000004dc    00000004     
                  000004dc    00000004     app_ble_uartlog_pem3.oem3 (.const:ti_sysbios_knl_Swi_Object__count__C)

.const:ti_sysbios_knl_Swi_Object__table__C 
*          0    000004e0    00000004     
                  000004e0    00000004     app_ble_uartlog_pem3.oem3 (.const:ti_sysbios_knl_Swi_Object__table__C)

.const:ti_sysbios_knl_Swi_numPriorities__C 
*          0    000004e4    00000004     
                  000004e4    00000004     app_ble_uartlog_pem3.oem3 (.const:ti_sysbios_knl_Swi_numPriorities__C)

.const:ti_sysbios_knl_Task_Object__count__C 
*          0    000004e8    00000004     
                  000004e8    00000004     app_ble_uartlog_pem3.oem3 (.const:ti_sysbios_knl_Task_Object__count__C)

.const:ti_sysbios_knl_Task_Object__table__C 
*          0    000004ec    00000004     
                  000004ec    00000004     app_ble_uartlog_pem3.oem3 (.const:ti_sysbios_knl_Task_Object__table__C)

.const:ti_sysbios_knl_Task_allBlockedFunc__C 
*          0    000004f0    00000004     
                  000004f0    00000004     app_ble_uartlog_pem3.oem3 (.const:ti_sysbios_knl_Task_allBlockedFunc__C)

.const:ti_sysbios_knl_Task_defaultStackHeap__C 
*          0    000004f4    00000004     
                  000004f4    00000004     app_ble_uartlog_pem3.oem3 (.const:ti_sysbios_knl_Task_defaultStackHeap__C)

.const:ti_sysbios_knl_Task_defaultStackSize__C 
*          0    000004f8    00000004     
                  000004f8    00000004     app_ble_uartlog_pem3.oem3 (.const:ti_sysbios_knl_Task_defaultStackSize__C)

.const:ti_sysbios_knl_Task_numConstructedTasks__C 
*          0    000004fc    00000004     
                  000004fc    00000004     app_ble_uartlog_pem3.oem3 (.const:ti_sysbios_knl_Task_numConstructedTasks__C)

.text.3    0    00000500    00000002     
                  00000500    00000002     drivers_cc26xxware.aem3 : PowerCC26XX.oem3 (.text:emptyClockFunc)

.const:ti_sysbios_family_arm_cc26xx_Timer_Module__id__C 
*          0    00000502    00000002     
                  00000502    00000002     app_ble_uartlog_pem3.oem3 (.const:ti_sysbios_family_arm_cc26xx_Timer_Module__id__C)

.const:ti_sysbios_family_arm_cc26xx_TimestampProvider_useClockTimer__C 
*          0    00000504    00000002     
                  00000504    00000002     app_ble_uartlog_pem3.oem3 (.const:ti_sysbios_family_arm_cc26xx_TimestampProvider_useClockTimer__C)

.const:ti_sysbios_family_arm_m3_Hwi_Module__id__C 
*          0    00000506    00000002     
                  00000506    00000002     app_ble_uartlog_pem3.oem3 (.const:ti_sysbios_family_arm_m3_Hwi_Module__id__C)

.const:ti_sysbios_gates_GateHwi_Module__id__C 
*          0    00000508    00000002     
                  00000508    00000002     app_ble_uartlog_pem3.oem3 (.const:ti_sysbios_gates_GateHwi_Module__id__C)

.const:ti_sysbios_gates_GateMutex_Module__id__C 
*          0    0000050a    00000002     
                  0000050a    00000002     app_ble_uartlog_pem3.oem3 (.const:ti_sysbios_gates_GateMutex_Module__id__C)

.const:ti_sysbios_heaps_HeapMem_Module__id__C 
*          0    0000050c    00000002     
                  0000050c    00000002     app_ble_uartlog_pem3.oem3 (.const:ti_sysbios_heaps_HeapMem_Module__id__C)

.const:ti_sysbios_knl_Task_initStackFlag__C 
*          0    0000050e    00000002     
                  0000050e    00000002     app_ble_uartlog_pem3.oem3 (.const:ti_sysbios_knl_Task_initStackFlag__C)

.const:ti_sysbios_knl_Clock_tickMode__C 
*          0    00000510    00000001     
                  00000510    00000001     app_ble_uartlog_pem3.oem3 (.const:ti_sysbios_knl_Clock_tickMode__C)

.const:xdc_runtime_Startup_firstFxns__C 
*          0    00000514    00000008     
                  00000514    00000008     app_ble_uartlog_pem3.oem3 (.const:xdc_runtime_Startup_firstFxns__C)

.const:xdc_runtime_Startup_lastFxns__C 
*          0    0000051c    00000008     
                  0000051c    00000008     app_ble_uartlog_pem3.oem3 (.const:xdc_runtime_Startup_lastFxns__C)

.const:xdc_runtime_Assert_E_assertFailed__C 
*          0    00000524    00000004     
                  00000524    00000004     app_ble_uartlog_pem3.oem3 (.const:xdc_runtime_Assert_E_assertFailed__C)

.const:xdc_runtime_Error_E_memory__C 
*          0    00000528    00000004     
                  00000528    00000004     app_ble_uartlog_pem3.oem3 (.const:xdc_runtime_Error_E_memory__C)

.const:xdc_runtime_Error_policyFxn__C 
*          0    0000052c    00000004     
                  0000052c    00000004     app_ble_uartlog_pem3.oem3 (.const:xdc_runtime_Error_policyFxn__C)

.const:xdc_runtime_IGateProvider_Interface__BASE__C 
*          0    00000530    00000004     
                  00000530    00000004     app_ble_uartlog_pem3.oem3 (.const:xdc_runtime_IGateProvider_Interface__BASE__C)

.const:xdc_runtime_IHeap_Interface__BASE__C 
*          0    00000534    00000004     
                  00000534    00000004     app_ble_uartlog_pem3.oem3 (.const:xdc_runtime_IHeap_Interface__BASE__C)

.const:xdc_runtime_IModule_Interface__BASE__C 
*          0    00000538    00000004     
                  00000538    00000004     app_ble_uartlog_pem3.oem3 (.const:xdc_runtime_IModule_Interface__BASE__C)

.const:xdc_runtime_Main_Module__diagsEnabled__C 
*          0    0000053c    00000004     
                  0000053c    00000004     app_ble_uartlog_pem3.oem3 (.const:xdc_runtime_Main_Module__diagsEnabled__C)

.const:xdc_runtime_Main_Module__diagsIncluded__C 
*          0    00000540    00000004     
                  00000540    00000004     app_ble_uartlog_pem3.oem3 (.const:xdc_runtime_Main_Module__diagsIncluded__C)

.const:xdc_runtime_Main_Module__diagsMask__C 
*          0    00000544    00000004     
                  00000544    00000004     app_ble_uartlog_pem3.oem3 (.const:xdc_runtime_Main_Module__diagsMask__C)

.const:xdc_runtime_Memory_defaultHeapInstance__C 
*          0    00000548    00000004     
                  00000548    00000004     app_ble_uartlog_pem3.oem3 (.const:xdc_runtime_Memory_defaultHeapInstance__C)

.const:xdc_runtime_Startup_execImpl__C 
*          0    0000054c    00000004     
                  0000054c    00000004     app_ble_uartlog_pem3.oem3 (.const:xdc_runtime_Startup_execImpl__C)

.const:xdc_runtime_Startup_maxPasses__C 
*          0    00000550    00000004     
                  00000550    00000004     app_ble_uartlog_pem3.oem3 (.const:xdc_runtime_Startup_maxPasses__C)

.const:xdc_runtime_Startup_sfxnRts__C 
*          0    00000554    00000004     
                  00000554    00000004     app_ble_uartlog_pem3.oem3 (.const:xdc_runtime_Startup_sfxnRts__C)

.const:xdc_runtime_Startup_sfxnTab__C 
*          0    00000558    00000004     
                  00000558    00000004     app_ble_uartlog_pem3.oem3 (.const:xdc_runtime_Startup_sfxnTab__C)

.const:xdc_runtime_Startup_startModsFxn__C 
*          0    0000055c    00000004     
                  0000055c    00000004     app_ble_uartlog_pem3.oem3 (.const:xdc_runtime_Startup_startModsFxn__C)

.const:xdc_runtime_SysCallback_abortFxn__C 
*          0    00000560    00000004     
                  00000560    00000004     app_ble_uartlog_pem3.oem3 (.const:xdc_runtime_SysCallback_abortFxn__C)

.const:xdc_runtime_SysCallback_exitFxn__C 
*          0    00000564    00000004     
                  00000564    00000004     app_ble_uartlog_pem3.oem3 (.const:xdc_runtime_SysCallback_exitFxn__C)

.const:xdc_runtime_System_abortFxn__C 
*          0    00000568    00000004     
                  00000568    00000004     app_ble_uartlog_pem3.oem3 (.const:xdc_runtime_System_abortFxn__C)

.const:xdc_runtime_System_exitFxn__C 
*          0    0000056c    00000004     
                  0000056c    00000004     app_ble_uartlog_pem3.oem3 (.const:xdc_runtime_System_exitFxn__C)

.const:xdc_runtime_System_maxAtexitHandlers__C 
*          0    00000570    00000004     
                  00000570    00000004     app_ble_uartlog_pem3.oem3 (.const:xdc_runtime_System_maxAtexitHandlers__C)

.const:xdc_runtime_Text_charTab__C 
*          0    00000574    00000004     
                  00000574    00000004     app_ble_uartlog_pem3.oem3 (.const:xdc_runtime_Text_charTab__C)

.const:xdc_runtime_Text_nameEmpty__C 
*          0    00000578    00000004     
                  00000578    00000004     app_ble_uartlog_pem3.oem3 (.const:xdc_runtime_Text_nameEmpty__C)

.const:xdc_runtime_Text_nameStatic__C 
*          0    0000057c    00000004     
                  0000057c    00000004     app_ble_uartlog_pem3.oem3 (.const:xdc_runtime_Text_nameStatic__C)

.const:xdc_runtime_Text_nameUnknown__C 
*          0    00000580    00000004     
                  00000580    00000004     app_ble_uartlog_pem3.oem3 (.const:xdc_runtime_Text_nameUnknown__C)

.const:xdc_runtime_Main_Module__id__C 
*          0    00000584    00000002     
                  00000584    00000002     app_ble_uartlog_pem3.oem3 (.const:xdc_runtime_Main_Module__id__C)

.const:xdc_runtime_Memory_Module__id__C 
*          0    00000586    00000002     
                  00000586    00000002     app_ble_uartlog_pem3.oem3 (.const:xdc_runtime_Memory_Module__id__C)

.const:xdc_runtime_Text_charCnt__C 
*          0    00000588    00000002     
                  00000588    00000002     app_ble_uartlog_pem3.oem3 (.const:xdc_runtime_Text_charCnt__C)

.const:xdc_runtime_Text_isLoaded__C 
*          0    0000058a    00000002     
                  0000058a    00000002     app_ble_uartlog_pem3.oem3 (.const:xdc_runtime_Text_isLoaded__C)

.const:xdc_runtime_Error_policy__C 
*          0    0000058c    00000001     
                  0000058c    00000001     app_ble_uartlog_pem3.oem3 (.const:xdc_runtime_Error_policy__C)

.const:ti_sysbios_rom_ROM_AONRTCChannelEnable 
*          0    00000590    00000004     
                  00000590    00000004     app_ble_uartlog_pem3.oem3 (.const:ti_sysbios_rom_ROM_AONRTCChannelEnable)

.const:ti_sysbios_rom_ROM_AONRTCCompareValueSet 
*          0    00000594    00000004     
                  00000594    00000004     app_ble_uartlog_pem3.oem3 (.const:ti_sysbios_rom_ROM_AONRTCCompareValueSet)

.const:ti_sysbios_rom_ROM_AONRTCCurrentCompareValueGet 
*          0    00000598    00000004     
                  00000598    00000004     app_ble_uartlog_pem3.oem3 (.const:ti_sysbios_rom_ROM_AONRTCCurrentCompareValueGet)

.const:ti_sysbios_rom_ROM_AONRTCEventClear 
*          0    0000059c    00000004     
                  0000059c    00000004     app_ble_uartlog_pem3.oem3 (.const:ti_sysbios_rom_ROM_AONRTCEventClear)

.const:ti_sysbios_rom_ROM_ti_sysbios_family_arm_cc26xx_Timer_getCount64__E 
*          0    000005a0    00000004     
                  000005a0    00000004     app_ble_uartlog_pem3.oem3 (.const:ti_sysbios_rom_ROM_ti_sysbios_family_arm_cc26xx_Timer_getCount64__E)

.const:ti_sysbios_rom_ROM_ti_sysbios_family_arm_cc26xx_Timer_getCurrentTick__E 
*          0    000005a4    00000004     
                  000005a4    00000004     app_ble_uartlog_pem3.oem3 (.const:ti_sysbios_rom_ROM_ti_sysbios_family_arm_cc26xx_Timer_getCurrentTick__E)

.const:ti_sysbios_rom_ROM_ti_sysbios_family_arm_cc26xx_Timer_getMaxTicks__E 
*          0    000005a8    00000004     
                  000005a8    00000004     app_ble_uartlog_pem3.oem3 (.const:ti_sysbios_rom_ROM_ti_sysbios_family_arm_cc26xx_Timer_getMaxTicks__E)

.const:ti_sysbios_rom_ROM_ti_sysbios_family_arm_cc26xx_Timer_initDevice__I 
*          0    000005ac    00000004     
                  000005ac    00000004     app_ble_uartlog_pem3.oem3 (.const:ti_sysbios_rom_ROM_ti_sysbios_family_arm_cc26xx_Timer_initDevice__I)

.const:ti_sysbios_rom_ROM_ti_sysbios_family_arm_cc26xx_Timer_setNextTick__E 
*          0    000005b0    00000004     
                  000005b0    00000004     app_ble_uartlog_pem3.oem3 (.const:ti_sysbios_rom_ROM_ti_sysbios_family_arm_cc26xx_Timer_setNextTick__E)

.const:ti_sysbios_rom_ROM_ti_sysbios_family_arm_cc26xx_Timer_setThreshold__I 
*          0    000005b4    00000004     
                  000005b4    00000004     app_ble_uartlog_pem3.oem3 (.const:ti_sysbios_rom_ROM_ti_sysbios_family_arm_cc26xx_Timer_setThreshold__I)

.const:ti_sysbios_rom_ROM_ti_sysbios_family_arm_cc26xx_Timer_start__E 
*          0    000005b8    00000004     
                  000005b8    00000004     app_ble_uartlog_pem3.oem3 (.const:ti_sysbios_rom_ROM_ti_sysbios_family_arm_cc26xx_Timer_start__E)

.const:ti_sysbios_rom_ROM_ti_sysbios_family_arm_cc26xx_TimestampProvider_get32__E 
*          0    000005bc    00000004     
                  000005bc    00000004     app_ble_uartlog_pem3.oem3 (.const:ti_sysbios_rom_ROM_ti_sysbios_family_arm_cc26xx_TimestampProvider_get32__E)

.const:ti_sysbios_rom_ROM_xdc_runtime_Startup_getState__I 
*          0    000005c0    00000004     
                  000005c0    00000004     app_ble_uartlog_pem3.oem3 (.const:ti_sysbios_rom_ROM_xdc_runtime_Startup_getState__I)

.const:ti_sysbios_rom_ROM_xdc_runtime_System_SupportProxy_abort__E 
*          0    000005c4    00000004     
                  000005c4    00000004     app_ble_uartlog_pem3.oem3 (.const:ti_sysbios_rom_ROM_xdc_runtime_System_SupportProxy_abort__E)

.const:ti_sysbios_rom_ROM_xdc_runtime_System_SupportProxy_exit__E 
*          0    000005c8    00000004     
                  000005c8    00000004     app_ble_uartlog_pem3.oem3 (.const:ti_sysbios_rom_ROM_xdc_runtime_System_SupportProxy_exit__E)

.const:ti_sysbios_gates_GateMutex_Instance_State_sem__O 
*          0    000005cc    00000004     
                  000005cc    00000004     app_ble_uartlog_pem3.oem3 (.const:ti_sysbios_gates_GateMutex_Instance_State_sem__O)

.const:ti_sysbios_knl_Clock_Module_State_clockQ__O 
*          0    000005d0    00000004     
                  000005d0    00000004     app_ble_uartlog_pem3.oem3 (.const:ti_sysbios_knl_Clock_Module_State_clockQ__O)

.const:ti_sysbios_knl_Mailbox_Instance_State_dataQue__O 
*          0    000005d4    00000004     
                  000005d4    00000004     app_ble_uartlog_pem3.oem3 (.const:ti_sysbios_knl_Mailbox_Instance_State_dataQue__O)

.const:ti_sysbios_knl_Mailbox_Instance_State_dataSem__O 
*          0    000005d8    00000004     
                  000005d8    00000004     app_ble_uartlog_pem3.oem3 (.const:ti_sysbios_knl_Mailbox_Instance_State_dataSem__O)

.const:ti_sysbios_knl_Mailbox_Instance_State_freeQue__O 
*          0    000005dc    00000004     
                  000005dc    00000004     app_ble_uartlog_pem3.oem3 (.const:ti_sysbios_knl_Mailbox_Instance_State_freeQue__O)

.const:ti_sysbios_knl_Mailbox_Instance_State_freeSem__O 
*          0    000005e0    00000004     
                  000005e0    00000004     app_ble_uartlog_pem3.oem3 (.const:ti_sysbios_knl_Mailbox_Instance_State_freeSem__O)

.const:ti_sysbios_knl_Semaphore_Instance_State_pendQ__O 
*          0    000005e4    00000004     
                  000005e4    00000004     app_ble_uartlog_pem3.oem3 (.const:ti_sysbios_knl_Semaphore_Instance_State_pendQ__O)

.const:ti_sysbios_knl_Task_Module_State_inactiveQ__O 
*          0    000005e8    00000004     
                  000005e8    00000004     app_ble_uartlog_pem3.oem3 (.const:ti_sysbios_knl_Task_Module_State_inactiveQ__O)

.text.4    0    000005ec    00003d58     
                  000005ec    00000450     driverlib.lib : setup.obj (.text:TrimAfterColdResetWakeupFromShutDown$28)
                  00000a3c    0000033c     rom_sysbios.aem3 : rom_sysbios.obj (.text:xdc_runtime_System_doPrint__I)
                  00000d78    00000228     drivers_cc26xxware.aem3 : PowerCC26XX.oem3 (.text:Power_sleep)
                  00000fa0    00000204     driverlib.lib : sys_ctrl.obj (.text:NOROM_SysCtrlSetRechargeBeforePowerDown)
                  000011a4    000001f4     rtsv7M3_T_le_eabi.lib : ull_div_t2.obj (.text)
                  00001398    000001d0     drivers_cc26xxware.aem3 : PowerCC26XX_calibrateRCOSC.oem3 (.text:calibrateRcoscHf1)
                  00001568    000001c4                             : PINCC26XX.oem3 (.text:PIN_init)
                  0000172c    000001b0     uart_logs.obj (.text:uartLog_flush)
                  000018dc    00000184     drivers_cc26xxware.aem3 : PowerCC26XX_calibrateRCOSC.oem3 (.text:PowerCC26XX_doCalibrate)
                  00001a60    00000148     driverlib.lib : setup.obj (.text:NOROM_SetupTrimDevice)
                  00001ba8    0000011c     drivers_cc26xxware.aem3 : PowerCC26XX.oem3 (.text:Power_init)
                  00001cc4    00000104     rtsv7M3_T_le_eabi.lib : fputs.obj (.text)
                  00001dc8    000000fc                           : fd_mul_t2.obj (.text)
                  00001ec4    000000f8     app_ble_uartlog_pem3.oem3 (.text:xdc_runtime_System_printfExtend__I)
                  00001fbc    000000f4     pwmled.obj (.text:main)
                  000020b0    000000d4     drivers_cc26xxware.aem3 : PowerCC26XX.oem3 (.text:Power_releaseDependency)
                  00002184    000000d4     rtsv7M3_T_le_eabi.lib : setvbuf.obj (.text)
                  00002258    000000d0     drivers_cc26xxware.aem3 : PowerCC26XX.oem3 (.text:Power_setDependency)
                  00002328    000000bc     power_cc26xx_tirtos.aem3 : PowerCC26XX_tirtos.oem3 (.text:PowerCC26XX_standbyPolicy)
                  000023e4    000000b8     drivers_cc26xxware.aem3 : PINCC26XX.oem3 (.text:PINCC26XX_setIoCfg)
                  0000249c    000000a8     rtsv7M3_T_le_eabi.lib : _io_perm.obj (.text)
                  00002544    000000a0     auto_init.aem3 : auto_init.oem3 (.text)
                  000025e4    000000a0     rtsv7M3_T_le_eabi.lib : fflush.obj (.text)
                  00002684    0000009e     rom_sysbios.aem3 : rom_sysbios.obj (.text:xdc_runtime_Text_putSite__E)
                  00002722    0000009c     rtsv7M3_T_le_eabi.lib : memcpy_t2.obj (.text)
                  000027be    00000002                           : i_div0.obj (.text)
                  000027c0    00000098     rom_sysbios.aem3 : rom_sysbios.obj (.text:ti_sysbios_knl_Clock_workFuncDynamic__E)
                  00002858    00000094                      : rom_sysbios.obj (.text:xdc_runtime_Text_putMod__E)
                  000028ec    00000090     drivers_cc26xxware.aem3 : PowerCC26XX.oem3 (.text:switchXOSCHFclockFunc)
                  0000297c    0000008c     rtsv7M3_T_le_eabi.lib : getdevice.obj (.text)
                  00002a08    0000007c     drivers_cc26xxware.aem3 : PowerCC26XX.oem3 (.text:disableLFClockQualifiers)
                  00002a84    0000007c     uart_logs.obj (.text:uartLog_outputFxn)
                  00002b00    0000007a     rtsv7M3_T_le_eabi.lib : memset_t2.obj (.text)
                  00002b7a    00000002     rom_sysbios.aem3 : rom_sysbios.obj (.text:ti_sysbios_BIOS_linkedWithIncorrectBootLibrary__E)
                  00002b7c    00000074     drivers_cc26xxware.aem3 : PowerCC26XX_calibrateRCOSC.oem3 (.text:PowerCC26XX_auxISR)
                  00002bf0    00000074                             : PowerCC26XX_calibrateRCOSC.oem3 (.text:calibrateRcoscHf2)
                  00002c64    00000074     rom_sysbios.aem3 : rom_sysbios.obj (.text:ti_sysbios_family_arm_cc26xx_Timer_start__E)
                  00002cd8    0000006d                      : rom_sysbios.obj (.text:xdc_runtime_System_formatNum__I)
                  00002d45    00000001     --HOLE-- [fill = 0]
                  00002d46    00000002     app_ble_uartlog_pem3.oem3 (.text:ti_sysbios_BIOS_nullFunc__I)
                  00002d48    0000006c     drivers_cc26xxware.aem3 : PowerCC26XX.oem3 (.text:PowerCC26XX_calibrate)
                  00002db4    00000068     driverlib.lib : sys_ctrl.obj (.text:NOROM_SysCtrl_DCDC_VoltageConditionalControl)
                  00002e1c    00000068     rtsv7M3_T_le_eabi.lib : copy_decompress_lzss.obj (.text:decompress:lzss)
                  00002e84    00000068                           : hostlseek.obj (.text)
                  00002eec    00000068                           : trgmsg.obj (.text)
                  00002f54    00000064                           : hostrename.obj (.text)
                  00002fb8    00000060     drivers_cc26xxware.aem3 : PowerCC26XX_calibrateRCOSC.oem3 (.text:PowerCC26XX_RCOSC_clockFunc)
                  00003018    00000060                             : PowerCC26XX_calibrateRCOSC.oem3 (.text:updateSubSecInc)
                  00003078    0000005c     driverlib.lib : osc.obj (.text:NOROM_OSCHF_AttemptToSwitchToXosc)
                  000030d4    0000005c                   : sys_ctrl.obj (.text:NOROM_SysCtrlAdjustRechargeAfterPowerDown)
                  00003130    0000005c     rtsv7M3_T_le_eabi.lib : hostopen.obj (.text)
                  0000318c    0000005c     app_ble_uartlog_pem3.oem3 (.text:xdc_runtime_Startup_getState__I)
                  000031e8    0000005b     rom_sysbios.aem3 : rom_sysbios.obj (.text:xdc_runtime_Text_putLab__E)
                  00003243    00000001     --HOLE-- [fill = 0]
                  00003244    00000058     drivers_cc26xxware.aem3 : PowerCC26XX_calibrateRCOSC.oem3 (.text:PowerCC26XX_initiateCalibration)
                  0000329c    00000058     rtsv7M3_T_le_eabi.lib : hostread.obj (.text)
                  000032f4    00000054     drivers_cc26xxware.aem3 : PowerCC26XX.oem3 (.text:configureXOSCHF)
                  00003348    00000054     rtsv7M3_T_le_eabi.lib : hostwrite.obj (.text)
                  0000339c    0000004c     driverlib.lib : osc.obj (.text:NOROM_OSCClockSourceSet)
                  000033e8    0000004c     rtsv7M3_T_le_eabi.lib : cpy_tbl.obj (.text)
                  00003434    0000004c     rom_sysbios.aem3 : rom_sysbios.obj (.text:xdc_runtime_Text_visitRope2__I)
                  00003480    00000048     driverlib.lib : chipinfo.obj (.text:NOROM_ChipInfo_GetChipFamily)
                  000034c8    00000048                   : ddi.obj (.text:NOROM_DDI16BitfieldWrite)
                  00003510    00000048     drivers_cc26xxware.aem3 : PINCC26XX.oem3 (.text:PIN_swi)
                  00003558    00000048                             : PowerCC26XX.oem3 (.text:notify)
                  000035a0    00000048     rtsv7M3_T_le_eabi.lib : fd_toi_t2.obj (.text)
                  000035e8    00000044     boot.aem3 : boot.oem3 (.text)
                  0000362c    00000044     rom_sysbios.aem3 : rom_sysbios.obj (.text:xdc_runtime_LoggerCallback_write8__E)
                  00003670    00000044                      : rom_sysbios.obj (.text:xdc_runtime_Text_xprintf__I)
                  000036b4    00000040     driverlib.lib : ddi.obj (.text:NOROM_DDI16BitfieldRead)
                  000036f4    00000040     rtsv7M3_T_le_eabi.lib : hostclose.obj (.text)
                  00003734    00000040                           : hostunlink.obj (.text)
                  00003774    00000040                           : u_divt2.obj (.text)
                  000037b4    00000040     rom_sysbios.aem3 : rom_sysbios.obj (.text:xdc_runtime_LoggerCallback_Module_startup__E)
                  000037f4    0000003c     driverlib.lib : osc.obj (.text:NOROM_OSC_HPOSCRelativeFrequencyOffsetGet)
                  00003830    00000038     rom_sysbios.aem3 : rom_sysbios.obj (.text:ti_sysbios_family_arm_cc26xx_Timer_getCurrentTick__E)
                  00003868    00000034     driverlib.lib : ddi.obj (.text:NOROM_DDI32RegWrite)
                  0000389c    00000034                   : osc.obj (.text:NOROM_OSCHF_SwitchToRcOscTurnOffXosc)
                  000038d0    00000034     rtsv7M3_T_le_eabi.lib : fopen.obj (.text)
                  00003904    00000034     rom_sysbios.aem3 : rom_sysbios.obj (.text:ti_sysbios_family_arm_cc26xx_Timer_initDevice__I)
                  00003938    00000034                      : rom_sysbios.obj (.text:xdc_runtime_LoggerCallback_write4__E)
                  0000396c    00000032                      : rom_sysbios.obj (.text:ti_sysbios_family_arm_cc26xx_Timer_setNextTick__E)
                  0000399e    00000002                      : rom_sysbios.obj (.text:ti_sysbios_knl_Clock_triggerFunc__I)
                  000039a0    00000030     driverlib.lib : setup.obj (.text:NOROM_SetupSetAonRtcSubSecInc)
                  000039d0    00000030     drivers_cc26xxware.aem3 : PowerCC26XX.oem3 (.text:Power_releaseConstraint)
                  00003a00    00000030                             : PowerCC26XX.oem3 (.text:Power_setConstraint)
                  00003a30    00000030     app_ble_uartlog_pem3.oem3 (.text:ti_sysbios_BIOS_atExitFunc__I)
                  00003a60    00000030     app_ble_uartlog_pem3.oem3 (.text:ti_sysbios_BIOS_startFunc__I)
                  00003a90    00000030     rom_sysbios.aem3 : rom_sysbios.obj (.text:ti_sysbios_family_arm_cc26xx_Timer_setThreshold__I)
                  00003ac0    00000030     app_ble_uartlog_pem3.oem3 (.text:xdc_runtime_LoggerCallback_Object__create__S)
                  00003af0    0000002f     rom_sysbios.aem3 : rom_sysbios.obj (.text:xdc_runtime_Text_printVisFxn__I)
                  00003b1f    00000001     --HOLE-- [fill = 0]
                  00003b20    0000002e     app_ble_uartlog_pem3.oem3 (.text:malloc)
                  00003b4e    00000002     app_ble_uartlog_pem3.oem3 (.text:ti_sysbios_rom_cortexm_cc26xx_CC26xx_badRomRevision__E)
                  00003b50    0000002c     rom_sysbios.aem3 : rom_sysbios.obj (.text:ti_sysbios_knl_Clock_getTicksUntilInterrupt__E)
                  00003b7c    0000002c                      : rom_sysbios.obj (.text:xdc_runtime_LoggerCallback_write2__E)
                  00003ba8    0000002a                      : rom_sysbios.obj (.text:xdc_runtime_System_putchar__I)
                  00003bd2    00000002                      : rom_sysbios.obj (.text:xdc_runtime_SysCallback_defaultAbort)
                  00003bd4    00000028     driverlib.lib : aon_batmon.obj (.text:NOROM_AONBatMonTemperatureGetDegC)
                  00003bfc    00000028                   : adi.obj (.text:SafeHapiVoid)
                  00003c24    00000028     rtsv7M3_T_le_eabi.lib : unlink.obj (.text)
                  00003c4c    00000028                           : write.obj (.text)
                  00003c74    00000028     rom_sysbios.aem3 : rom_sysbios.obj (.text:xdc_runtime_LoggerCallback_write0__E)
                  00003c9c    00000028                      : rom_sysbios.obj (.text:xdc_runtime_LoggerCallback_write1__E)
                  00003cc4    00000024     drivers_cc26xxware.aem3 : PINCC26XX.oem3 (.text:PINCC26XX_getPinCount)
                  00003ce8    00000024                             : PowerCC26XX_calibrateRCOSC.oem3 (.text:getTdcSemaphore)
                  00003d0c    00000024     app_ble_uartlog_pem3.oem3 (.text:ti_sysbios_BIOS_registerRTSLock__I)
                  00003d30    00000024     app_ble_uartlog_pem3.oem3 (.text:ti_sysbios_BIOS_removeRTSLock__I)
                  00003d54    00000024     rom_sysbios.aem3 : rom_sysbios.obj (.text:ti_sysbios_family_arm_cc26xx_Timer_getMaxTicks__E)
                  00003d78    00000024                      : rom_sysbios.obj (.text:xdc_runtime_System_vprintf__E)
                  00003d9c    00000020     rtsv7M3_T_le_eabi.lib : memchr.obj (.text)
                  00003dbc    00000020                           : u_tofd_t2.obj (.text)
                  00003ddc    00000020     app_ble_uartlog_pem3.oem3 (.text:ti_sysbios_BIOS_rtsLock__I)
                  00003dfc    00000020     rom_sysbios.aem3 : rom_sysbios.obj (.text:ti_sysbios_family_arm_cc26xx_Timer_dynamicStub__E)
                  00003e1c    00000020                      : rom_sysbios.obj (.text:ti_sysbios_knl_Clock_stop__E)
                  00003e3c    00000020                      : rom_sysbios.obj (.text:xdc_runtime_Registry_findById__E)
                  00003e5c    0000001e     drivers_cc26xxware.aem3 : PowerCC26XX.oem3 (.text:Power_getTransitionLatency)
                  00003e7a    00000002     rom_sysbios.aem3 : rom_sysbios.obj (.text:xdc_runtime_SysCallback_defaultExit)
                  00003e7c    0000001c     driverlib.lib : osc.obj (.text:NOROM_OSCClockSourceGet)
                  00003e98    0000001c     drivers_cc26xxware.aem3 : PINCC26XX.oem3 (.text:PINCC26XX_setIoCfgMux)
                  00003eb4    0000001c                             : PINCC26XX.oem3 (.text:PIN_hwi)
                  00003ed0    0000001c     rom_sysbios.aem3 : rom_sysbios.obj (.text:xdc_runtime_LoggerCallback_Instance_init__E)
                  00003eec    0000001a                      : rom_sysbios_config.obj (.text:xdc_runtime_System_printf__E)
                  00003f06    0000001a                      : rom_sysbios_config.obj (.text:xdc_runtime_System_snprintf__E)
                  00003f20    00000018     driverlib.lib : aon_rtc.obj (.text:NOROM_AONRTCCurrentCompareValueGet)
                  00003f38    00000018                   : chipinfo.obj (.text:NOROM_ChipInfo_GetPackageType)
                  00003f50    00000018                   : osc.obj (.text:NOROM_OSCHF_TurnOnXosc)
                  00003f68    00000018     drivers_cc26xxware.aem3 : PowerCC26XX.oem3 (.text:Power_idleFunc)
                  00003f80    00000018                             : PowerCC26XX.oem3 (.text:configureRFCoreClocks)
                  00003f98    00000018     app_ble_uartlog_pem3.oem3 (.text:free)
                  00003fb0    00000018     rtsv7M3_T_le_eabi.lib : args_main.obj (.text)
                  00003fc8    00000018                           : ll_mul_t2.obj (.text)
                  00003fe0    00000018                           : strcmp.obj (.text)
                  00003ff8    00000018     app_ble_uartlog_pem3.oem3 (.text:ti_sysbios_BIOS_rtsUnlock__I)
                  00004010    00000018     rom_sysbios.aem3 : rom_sysbios.obj (.text:ti_sysbios_knl_Swi_or__E)
                  00004028    00000018     app_ble_uartlog_pem3.oem3 (.text:ti_sysbios_rom_cortexm_cc26xx_CC26xx_checkRevision__E)
                  00004040    00000016     rtsv7M3_T_le_eabi.lib : strchr.obj (.text)
                  00004056    00000016     app_ble_uartlog_pem3.oem3 (.text:ti_sysbios_BIOS_exitFunc__I)
                  0000406c    00000014     driverlib.lib : aon_rtc.obj (.text:NOROM_AONRTCCurrent64BitValueGet)
                  00004080    00000014     rtsv7M3_T_le_eabi.lib : _lock.obj (.text)
                  00004094    00000014                           : strlen.obj (.text)
                  000040a8    00000014     app_ble_uartlog_pem3.oem3 (.text:ti_sysbios_knl_Clock_doTick__I)
                  000040bc    00000012     rtsv7M3_T_le_eabi.lib : strcpy.obj (.text)
                  000040ce    00000012     app_ble_uartlog_pem3.oem3 (.text:xdc_runtime_Startup_exec__I)
                  000040e0    00000010     app_ble_uartlog_pem3.oem3 (.text:xdc_runtime_LoggerCallback_Object__get__S)
                  000040f0    00000010     rom_sysbios.aem3 : rom_sysbios.obj (.text:xdc_runtime_SysCallback_flush__E)
                  00004100    00000010                      : rom_sysbios.obj (.text:xdc_runtime_SysCallback_putch__E)
                  00004110    00000010                      : rom_sysbios.obj (.text:xdc_runtime_SysCallback_ready__E)
                  00004120    00000010                      : rom_sysbios.obj (.text:xdc_runtime_System_vsnprintf__E)
                  00004130    0000000e     driverlib.lib : setup.obj (.text:NOROM_SetupSignExtendVddrTrimValue)
                  0000413e    0000000e                   : vims.obj (.text:NOROM_VIMSModeGet)
                  0000414c    0000000e     rtsv7M3_T_le_eabi.lib : copy_decompress_none.obj (.text:decompress:none)
                  0000415a    0000000e     rom_sysbios.aem3 : rom_sysbios.obj (.text:ti_sysbios_family_arm_cc26xx_TimestampProvider_get32__E)
                  00004168    0000000c     driverlib.lib : cpu.obj (.text:NOROM_CPUcpsid)
                  00004174    0000000c                   : cpu.obj (.text:NOROM_CPUcpsie)
                  00004180    0000000c     drivers_cc26xxware.aem3 : PowerCC26XX.oem3 (.text:Power_getConstraintMask)
                  0000418c    0000000c                             : PowerCC26XX.oem3 (.text:Power_getDependencyCount)
                  00004198    0000000c     rtsv7M3_T_le_eabi.lib : copy_zero_init.obj (.text:decompress:ZI)
                  000041a4    0000000c     rom_sysbios.aem3 : rom_sysbios.obj (.text:ti_sysbios_knl_Swi_getTrigger__E)
                  000041b0    0000000c     app_ble_uartlog_pem3.oem3 (.text:xdc_runtime_Startup_reset__I)
                  000041bc    0000000c     rom_sysbios.aem3 : rom_sysbios.obj (.text:xdc_runtime_Startup_rtsDone__E)
                  000041c8    0000000a     drivers_cc26xxware.aem3 : List.oem3 (.text:List_empty)
                  000041d2    0000000a                             : UART.oem3 (.text:UART_write)
                  000041dc    0000000a     rom_sysbios.aem3 : rom_sysbios.obj (.text:xdc_runtime_LoggerCallback_disable__E)
                  000041e6    0000000a                      : rom_sysbios.obj (.text:xdc_runtime_LoggerCallback_enable__E)
                  000041f0    0000000a     app_ble_uartlog_pem3.oem3 (.text:xdc_runtime_Text_visitRope__I)
                  000041fa    00000004     rom_sysbios.aem3 : rom_sysbios.obj (.text:ti_sysbios_family_arm_cc26xx_Timer_getCount64__E)
                  000041fe    00000004                      : rom_sysbios.obj (.text:xdc_runtime_LoggerCallback_defaultCreate)
                  00004202    00000004                      : rom_sysbios.obj (.text:xdc_runtime_SysCallback_defaultReady)
                  00004206    00000004                      : rom_sysbios.obj (.text:xdc_runtime_System_printf_va__F)
                  0000420a    00000004                      : rom_sysbios.obj (.text:xdc_runtime_System_snprintf_va__F)
                  0000420e    00000002                      : rom_sysbios.obj (.text:xdc_runtime_SysCallback_defaultFlush)
                  00004210    00000002                      : rom_sysbios.obj (.text:xdc_runtime_SysCallback_defaultPutch)
                  00004212    00000002     --HOLE-- [fill = 0]
                  00004214    00000008     (.tramp.xdc_runtime_Startup_startMods__I.1)
                  0000421c    00000008     (.tramp.ti_sysbios_knl_Clock_logTick__E.1)
                  00004224    00000008     (.tramp.ti_sysbios_knl_Swi_post__E.1)
                  0000422c    00000008     (.tramp.ti_sysbios_BIOS_RtsGateProxy_leave__E.1)
                  00004234    00000008     (.tramp.xdc_runtime_Memory_free__E.1)
                  0000423c    00000008     (.tramp.ti_sysbios_BIOS_RtsGateProxy_enter__E.1)
                  00004244    00000008     (.tramp.xdc_runtime_Memory_alloc__E.1)
                  0000424c    00000008     (.tramp.xdc_runtime_Error_init__E.1)
                  00004254    00000008     (.tramp.xdc_runtime_Core_createObject__I.1)
                  0000425c    00000008     (.tramp.ti_sysbios_knl_Task_startup__E.1)
                  00004264    00000008     (.tramp.ti_sysbios_knl_Swi_startup__E.1)
                  0000426c    00000008     (.tramp.ti_sysbios_hal_Hwi_startup__E.1)
                  00004274    00000008     (.tramp.ti_sysbios_family_arm_cc26xx_Timer_startup__E.1)
                  0000427c    00000008     (.tramp.xdc_runtime_System_atexit__E.1)
                  00004284    00000008     (.tramp.ti_sysbios_BIOS_setThreadType__E.1)
                  0000428c    00000008     (.tramp.xdc_runtime_System_exit__E.1)
                  00004294    00000008     (.tramp.ti_sysbios_knl_Clock_scheduleNextTick__E.1)
                  0000429c    00000008     (.tramp.ti_sysbios_knl_Clock_walkQueueDynamic__E.1)
                  000042a4    00000008     (.tramp.ti_sysbios_knl_Clock_TimerProxy_getCurrentTick__E.1)
                  000042ac    00000008     (.tramp.xdc_runtime_System_abort__E.1)
                  000042b4    00000008     (.tramp.ti_sysbios_knl_Clock_setTimeout__E.1)
                  000042bc    00000008     (.tramp.ti_sysbios_knl_Clock_construct.1)
                  000042c4    00000008     (.tramp.ti_sysbios_knl_Clock_Params__init__S.1)
                  000042cc    00000008     (.tramp.ti_sysbios_knl_Clock_start__E.1)
                  000042d4    00000008     (.tramp.xdc_runtime_System_abortSpin__E.1)
                  000042dc    00000008     (.tramp.xdc_runtime_Text_ropeText__E.1)
                  000042e4    00000008     (.tramp.ti_sysbios_family_arm_m3_Hwi_restoreFxn__E.1)
                  000042ec    00000008     (.tramp.ti_sysbios_family_arm_m3_Hwi_disableFxn__E.1)
                  000042f4    00000008     (.tramp.ti_sysbios_knl_Swi_construct.1)
                  000042fc    00000008     (.tramp.ti_sysbios_knl_Swi_Params__init__S.1)
                  00004304    00000008     (.tramp.ti_sysbios_family_arm_m3_Hwi_construct.1)
                  0000430c    00000008     (.tramp.ti_sysbios_family_arm_m3_Hwi_Params__init__S.1)
                  00004314    00000008     (.tramp.ti_sysbios_knl_Semaphore_construct.1)
                  0000431c    00000008     (.tramp.ti_sysbios_knl_Semaphore_Params__init__S.1)
                  00004324    00000008     (.tramp.ti_sysbios_knl_Task_restore__E.1)
                  0000432c    00000008     (.tramp.ti_sysbios_knl_Swi_restore__E.1)
                  00004334    00000008     (.tramp.ti_sysbios_knl_Swi_disable__E.1)
                  0000433c    00000008     (.tramp.ti_sysbios_knl_Task_disable__E.1)

.const     0    00004344    000019d8     
                  00004344    000017c0     app_ble_uartlog_pem3.oem3 (.const:xdc_runtime_Text_charTab__A)
                  00005b04    00000068     CC2650STK.obj (.const:BoardGpioInitTable)
                  00005b6c    0000004c     drivers_cc26xxware.aem3 : PowerCC26XX.oem3 (.const:resourceDB)
                  00005bb8    00000048     app_ble_uartlog_pem3.oem3 (.const:.string)
                  00005c00    00000034     app_ble_uartlog_pem3.oem3 (.const:xdc_runtime_LoggerCallback_Module__FXNS__C)
                  00005c34    00000028     app_ble_uartlog_pem3.oem3 (.const:xdc_runtime_Startup_sfxnTab__A)
                  00005c5c    00000020     app_ble_uartlog_pem3.oem3 (.const:xdc_runtime_LoggerCallback_Object__DESC__C)
                  00005c7c    0000001c     app_ble_uartlog_pem3.oem3 (.const:xdc_runtime_LoggerCallback_Object__PARAMS__C)
                  00005c98    00000014     app_ble_uartlog_pem3.oem3 (.const:xdc_runtime_Startup_sfxnRts__A)
                  00005cac    00000010     CC2650STK.obj (.const:PowerCC26XX_config)
                  00005cbc    00000010     app_ble_uartlog_pem3.oem3 (.const:xdc_runtime_Text_nodeTab__A)
                  00005ccc    0000000c     app_ble_uartlog_pem3.oem3 (.const:xdc_runtime_Startup_firstFxns__A)
                  00005cd8    00000008     CC2650STK.obj (.const:PINCC26XX_hwAttrs)
                  00005ce0    00000008     app_ble_uartlog_pem3.oem3 (.const:ti_sysbios_knl_Idle_funcList__A)
                  00005ce8    00000004     app_ble_uartlog_pem3.oem3 (.const:ti_sysbios_knl_Clock_tickPeriod__C)
                  00005cec    00000004     app_ble_uartlog_pem3.oem3 (.const:ti_sysbios_knl_Clock_triggerClock__C)
                  00005cf0    00000004     app_ble_uartlog_pem3.oem3 (.const:xdc_runtime_ILogger_Interface__BASE__C)
                  00005cf4    00000004     app_ble_uartlog_pem3.oem3 (.const:xdc_runtime_LoggerCallback_Object__count__C)
                  00005cf8    00000004     app_ble_uartlog_pem3.oem3 (.const:xdc_runtime_LoggerCallback_createInstFxn__C)
                  00005cfc    00000004     app_ble_uartlog_pem3.oem3 (.const:xdc_runtime_LoggerCallback_outputFxn__C)
                  00005d00    00000004     app_ble_uartlog_pem3.oem3 (.const:xdc_runtime_SysCallback_flushFxn__C)
                  00005d04    00000004     app_ble_uartlog_pem3.oem3 (.const:xdc_runtime_SysCallback_putchFxn__C)
                  00005d08    00000004     app_ble_uartlog_pem3.oem3 (.const:xdc_runtime_SysCallback_readyFxn__C)
                  00005d0c    00000004     app_ble_uartlog_pem3.oem3 (.const:xdc_runtime_System_extendFxn__C)
                  00005d10    00000004     app_ble_uartlog_pem3.oem3 (.const:xdc_runtime_Text_nodeTab__C)
                  00005d14    00000004     app_ble_uartlog_pem3.oem3 (.const:xdc_runtime_Text_visitRopeFxn__C)
                  00005d18    00000002     app_ble_uartlog_pem3.oem3 (.const:xdc_runtime_Text_registryModsLastId__C)
                  00005d1a    00000002     app_ble_uartlog_pem3.oem3 (.const:xdc_runtime_Text_unnamedModsLastId__C)

.args      0    00005d1c    00000008     
                  00005d1c    00000008     --HOLE-- [fill = 0]

.cinit     0    00005d28    00000290     
                  00005d28    00000154     (.cinit..data.load) [load image, compression = lzss]
                  00005e7c    00000029     (.cinit..data:ti_sysbios_family_arm_m3_Hwi_Module__state__V.load) [load image, compression = lzss]
                  00005ea5    00000021     (.cinit..data:ti_sysbios_knl_Task_Module__state__V.load) [load image, compression = lzss]
                  00005ec6    0000001f     (.cinit..data:ti_sysbios_BIOS_Module__state__V.load) [load image, compression = lzss]
                  00005ee5    0000001d     (.cinit..data:ti_sysbios_knl_Clock_Module__state__V.load) [load image, compression = lzss]
                  00005f02    00000010     (.cinit..data:ti_sysbios_knl_Swi_Module__state__V.load) [load image, compression = lzss]
                  00005f12    00000002     --HOLE-- [fill = 0]
                  00005f14    0000000c     (__TI_handler_table)
                  00005f20    0000000b     (.cinit..data:ti_sysbios_family_arm_cc26xx_Timer_Module__state__V.load) [load image, compression = lzss]
                  00005f2b    00000005     --HOLE-- [fill = 0]
                  00005f30    00000008     (.cinit..bss.load) [load image, compression = zero_init]
                  00005f38    00000008     (.cinit..data:xdc_runtime_Memory_Module__state__V.load) [load image, compression = lzss]
                  00005f40    00000007     (.cinit..data:ti_sysbios_family_arm_cc26xx_TimestampProvider_Module__state__V.load) [load image, compression = lzss]
                  00005f47    00000007     (.cinit..data:xdc_runtime_Startup_Module__state__V.load) [load image, compression = lzss]
                  00005f4e    00000007     (.cinit..data:xdc_runtime_System_Module__state__V.load) [load image, compression = lzss]
                  00005f55    00000003     --HOLE-- [fill = 0]
                  00005f58    00000060     (__TI_cinit_table)

.ccfg      0    0001ffa8    00000058     
                  0001ffa8    00000058     ccfg_app_ble.obj (.ccfg:retain)

.vecs      0    20000000    000000c8     NOLOAD SECTION
                  20000000    000000c8     app_ble_uartlog_pem3.oem3 (.vecs)

.data:ti_sysbios_knl_Task_Module__state__V 
*          0    20000100    00000044     UNINITIALIZED
                  20000100    00000044     app_ble_uartlog_pem3.oem3 (.data:ti_sysbios_knl_Task_Module__state__V)

.data:ti_sysbios_family_arm_m3_Hwi_Module__state__V 
*          0    20000144    00000034     UNINITIALIZED
                  20000144    00000034     app_ble_uartlog_pem3.oem3 (.data:ti_sysbios_family_arm_m3_Hwi_Module__state__V)

.data:ti_sysbios_knl_Clock_Module__state__V 
*          0    20000178    0000002c     UNINITIALIZED
                  20000178    0000002c     app_ble_uartlog_pem3.oem3 (.data:ti_sysbios_knl_Clock_Module__state__V)

.data:ti_sysbios_BIOS_Module__state__V 
*          0    200001a4    00000024     UNINITIALIZED
                  200001a4    00000024     app_ble_uartlog_pem3.oem3 (.data:ti_sysbios_BIOS_Module__state__V)

.data:ti_sysbios_knl_Swi_Module__state__V 
*          0    200001c8    0000001c     UNINITIALIZED
                  200001c8    0000001c     app_ble_uartlog_pem3.oem3 (.data:ti_sysbios_knl_Swi_Module__state__V)

.data:ti_sysbios_family_arm_cc26xx_Timer_Module__state__V 
*          0    200001e4    00000008     UNINITIALIZED
                  200001e4    00000008     app_ble_uartlog_pem3.oem3 (.data:ti_sysbios_family_arm_cc26xx_Timer_Module__state__V)

.data:ti_sysbios_family_arm_cc26xx_TimestampProvider_Module__state__V 
*          0    200001ec    00000004     UNINITIALIZED
                  200001ec    00000004     app_ble_uartlog_pem3.oem3 (.data:ti_sysbios_family_arm_cc26xx_TimestampProvider_Module__state__V)

.data:xdc_runtime_Startup_Module__state__V 
*          0    200001f0    00000008     UNINITIALIZED
                  200001f0    00000008     app_ble_uartlog_pem3.oem3 (.data:xdc_runtime_Startup_Module__state__V)

.data:xdc_runtime_System_Module__state__V 
*          0    200001f8    00000008     UNINITIALIZED
                  200001f8    00000008     app_ble_uartlog_pem3.oem3 (.data:xdc_runtime_System_Module__state__V)

.data:xdc_runtime_Memory_Module__state__V 
*          0    20000200    00000004     UNINITIALIZED
                  20000200    00000004     app_ble_uartlog_pem3.oem3 (.data:xdc_runtime_Memory_Module__state__V)

.bootVecs 
*          0    00000000    00000008     DSECT
                  00000000    00000008     boot.aem3 : boot.oem3 (.bootVecs)

xdc.meta   0    00000000    00000105     COPY SECTION
                  00000000    00000105     app_ble_uartlog_pem3.oem3 (xdc.meta)

.init_array 
*          0    00000000    00000000     UNINITIALIZED

.data      0    20000208    00000b6e     UNINITIALIZED
                  20000208    000005b8     uart_logs.obj (.data:$O17$$)
                  200007c0    00000194     rtsv7M3_T_le_eabi.lib : defs.obj (.data:$O19$$)
                  20000954    00000110     drivers_cc26xxware.aem3 : PowerCC26XX.oem3 (.data:PowerCC26XX_module)
                  20000a64    000000c8     rtsv7M3_T_le_eabi.lib : write.obj (.data:$O20$$)
                  20000b2c    0000004c     app_ble_uartlog_pem3.oem3 (.data:ti_sysbios_knl_Task_Object__table__V)
                  20000b78    00000048     app_ble_uartlog_pem3.oem3 (.data:ti_sysbios_family_arm_cc26xx_Timer_Object__table__V)
                  20000bc0    00000038     app_ble_uartlog_pem3.oem3 (.data:ti_sysbios_gates_GateMutex_Object__table__V)
                  20000bf8    00000030     app_ble_uartlog_pem3.oem3 (.data:ti_sysbios_knl_Swi_Module_State_0_readyQ__A)
                  20000c28    00000030     app_ble_uartlog_pem3.oem3 (.data:ti_sysbios_knl_Swi_Object__table__V)
                  20000c58    00000030     app_ble_uartlog_pem3.oem3 (.data:ti_sysbios_knl_Task_Module_State_0_readyQ__A)
                  20000c88    00000020     app_ble_uartlog_pem3.oem3 (.data:ti_sysbios_knl_Clock_Object__table__V)
                  20000ca8    00000018     app_ble_uartlog_pem3.oem3 (.data:ti_sysbios_family_arm_m3_Hwi_Object__table__V)
                  20000cc0    00000018     app_ble_uartlog_pem3.oem3 (.data:ti_sysbios_heaps_HeapMem_Object__table__V)
                  20000cd8    00000010     app_ble_uartlog_pem3.oem3 (.data:xdc_runtime_LoggerCallback_Object__table__V)
                  20000ce8    0000000c     rtsv7M3_T_le_eabi.lib : exit.obj (.data:$O1$$)
                  20000cf4    00000008                           : _lock.obj (.data:$O18$$)
                  20000cfc    00000008     app_ble_uartlog_pem3.oem3 (.data:ti_sysbios_family_arm_m3_Hwi_Module__root__V)
                  20000d04    00000008     app_ble_uartlog_pem3.oem3 (.data:ti_sysbios_gates_GateHwi_Module__root__V)
                  20000d0c    00000008     app_ble_uartlog_pem3.oem3 (.data:ti_sysbios_gates_GateMutex_Module__root__V)
                  20000d14    00000008     app_ble_uartlog_pem3.oem3 (.data:ti_sysbios_hal_Hwi_Module__root__V)
                  20000d1c    00000008     app_ble_uartlog_pem3.oem3 (.data:ti_sysbios_heaps_HeapMem_Module__root__V)
                  20000d24    00000008     app_ble_uartlog_pem3.oem3 (.data:ti_sysbios_knl_Clock_Module__root__V)
                  20000d2c    00000008     app_ble_uartlog_pem3.oem3 (.data:ti_sysbios_knl_Mailbox_Module__root__V)
                  20000d34    00000008     app_ble_uartlog_pem3.oem3 (.data:ti_sysbios_knl_Queue_Module__root__V)
                  20000d3c    00000008     app_ble_uartlog_pem3.oem3 (.data:ti_sysbios_knl_Semaphore_Module__root__V)
                  20000d44    00000008     app_ble_uartlog_pem3.oem3 (.data:ti_sysbios_knl_Swi_Module__root__V)
                  20000d4c    00000008     app_ble_uartlog_pem3.oem3 (.data:ti_sysbios_knl_Task_Module__root__V)
                  20000d54    00000008     app_ble_uartlog_pem3.oem3 (.data:xdc_runtime_LoggerCallback_Module__root__V)
                  20000d5c    00000008     app_ble_uartlog_pem3.oem3 (.data:xdc_runtime_Registry_Module__state__V)
                  20000d64    00000004     rtsv7M3_T_le_eabi.lib : stkdepth_vars.obj (.data)
                  20000d68    00000004     app_ble_uartlog_pem3.oem3 (.data:ti_sysbios_family_arm_m3_Hwi_Module_State_0_excContext__A)
                  20000d6c    00000004     app_ble_uartlog_pem3.oem3 (.data:ti_sysbios_family_arm_m3_Hwi_Module_State_0_excStack__A)
                  20000d70    00000004     app_ble_uartlog_pem3.oem3 (.data:ti_sysbios_knl_Task_Module_State_0_idleTask__A)
                  20000d74    00000002     app_ble_uartlog_pem3.oem3 (.data:ti_sysbios_family_arm_m3_Hwi_Module_State_0_excActive__A)

.bss       0    20000d78    00000b9d     UNINITIALIZED
                  20000d78    00000680     (.common:ti_sysbios_heaps_HeapMem_Instance_State_0_buf__A)
                  200013f8    00000200     app_ble_uartlog_pem3.oem3 (.bss:taskStackSection)
                  200015f8    00000120     rtsv7M3_T_le_eabi.lib : trgmsg.obj (.bss:_CIOBUF_)
                  20001718    000000c8     (.common:ti_sysbios_family_arm_m3_Hwi_dispatchTable)
                  200017e0    0000007c     drivers_cc26xxware.aem3 : PINCC26XX.oem3 (.bss:PIN_HandleTable)
                  2000185c    00000034                             : PINCC26XX.oem3 (.bss:PinSwi)
                  20001890    00000020     (.common:PinGpioConfigTable)
                  200018b0    0000001c     (.common:PinHwi)
                  200018cc    0000001c     (.common:PinSem)
                  200018e8    00000014     driverlib.lib : osc.obj (.bss:oscHfGlobals$26)
                  200018fc    00000008                   : sys_ctrl.obj (.bss:powerQualGlobals$29)
                  20001904    00000008     (.common:parmbuf)
                  2000190c    00000004     (.common:PIN_NumPins)
                  20001910    00000004     (.common:pPinGpio)
                  20001914    00000001     (.common:driverlib_release_0_46593)

.vtable    0    20001915    00000000     UNINITIALIZED

.vtable_ram 
*          0    20001915    00000000     UNINITIALIZED

vtable_ram 
*          0    20001915    00000000     UNINITIALIZED

.sysmem    0    20001915    00000000     UNINITIALIZED

.nonretenvar 
*          0    20001915    00000000     UNINITIALIZED

.stack     0    20003f48    00000400     UNINITIALIZED
                  20003f48    00000400     --HOLE--

MODULE SUMMARY

       Module                                   code    ro data   rw data
       ------                                   ----    -------   -------
    .\Application\
       pwmled.obj                               244     0         0      
    +--+----------------------------------------+-------+---------+---------+
       Total:                                   244     0         0      
                                                                         
    .\Board\
       CC2650STK.obj                            0       128       0      
    +--+----------------------------------------+-------+---------+---------+
       Total:                                   0       128       0      
                                                                         
    .\Startup\
       ccfg_app_ble.obj                         0       88        0      
    +--+----------------------------------------+-------+---------+---------+
       Total:                                   0       88        0      
                                                                         
    .\Utils\
       uart_logs.obj                            556     0         1464   
    +--+----------------------------------------+-------+---------+---------+
       Total:                                   556     0         1464   
                                                                         
    C:\Users\Olivia\AppData\Local\Temp\
       {8E2DEB69-5735-4D17-B4C2-2D9D083DD127}   0       0         9      
    +--+----------------------------------------+-------+---------+---------+
       Total:                                   0       0         9      
                                                                         
    C:\Users\Olivia\workspace_v7\Copy of project_zero_app_cc2650stk\Debug\configPkg\package\cfg\
       app_ble_uartlog_pem3.oem3                808     7720      3398   
    +--+----------------------------------------+-------+---------+---------+
       Total:                                   808     7720      3398   
                                                                         
    C:/ti/tirtos_cc13xx_cc26xx_2_20_01_08/products/tidrivers_cc13xx_cc26xx_2_20_01_10/packages/ti/drivers/lib/drivers_cc26xxware.aem3
       PowerCC26XX.oem3                         1992    76        272    
       PowerCC26XX_calibrateRCOSC.oem3          1400    0         0      
       PINCC26XX.oem3                           800     0         272    
       List.oem3                                18      0         0      
       UART.oem3                                10      0         0      
[...]
1001c29d  ti_sysbios_heaps_HeapMem_Module_GateProxy_enter__E                        
1001c2a1  ti_sysbios_heaps_HeapMem_Module_GateProxy_leave__E                        
1001c2a5  ti_sysbios_heaps_HeapMem_isBlocking__E                                    
1001c2a9  ti_sysbios_knl_Clock_TimerProxy_Module__startupDone__S                    
1001c2ad  ti_sysbios_knl_Clock_TimerProxy_getExpiredTicks__E                        
1001c2b1  ti_sysbios_knl_Clock_TimerProxy_getPeriod__E                              
1001c2b5  ti_sysbios_knl_Clock_delete                                               
1001c2b9  ti_sysbios_knl_Clock_destruct                                             
1001c2bd  ti_sysbios_knl_Clock_removeI__E                                           
1001c2c1  ti_sysbios_knl_Clock_setTimeout__E                                        
1001c2c5  ti_sysbios_knl_Mailbox_delete                                             
1001c2c9  ti_sysbios_knl_Mailbox_destruct                                           
1001c2cd  ti_sysbios_knl_Queue_delete                                               
1001c2d1  ti_sysbios_knl_Queue_destruct                                             
1001c2d5  ti_sysbios_knl_Queue_head__E                                              
1001c2d9  ti_sysbios_knl_Queue_next__E                                              
1001c2dd  ti_sysbios_knl_Semaphore_delete                                           
1001c2e1  ti_sysbios_knl_Semaphore_destruct                                         
1001c2e5  ti_sysbios_knl_Swi_delete                                                 
1001c2e9  ti_sysbios_knl_Swi_destruct                                               
1001c2ed  ti_sysbios_knl_Swi_postInit__I                                            
1001c2f1  ti_sysbios_knl_Task_SupportProxy_Module__startupDone__S                   
1001c2f5  ti_sysbios_knl_Task_SupportProxy_getStackAlignment__E                     
1001c2f9  ti_sysbios_knl_Task_SupportProxy_start__E                                 
1001c2fd  ti_sysbios_knl_Task_SupportProxy_swap__E                                  
1001c301  ti_sysbios_knl_Task_delete                                                
1001c305  ti_sysbios_knl_Task_destruct                                              
1001c309  ti_sysbios_knl_Task_startup__E                                            
1001c30d  xdc_runtime_Startup_startMods__I                                          
1001c405  xdc_runtime_Core_createObject__I                                          
1001c487  xdc_runtime_Error_policySpin__E                                           
1001c489  xdc_runtime_Memory_alloc__E                                               
1001c4f9  xdc_runtime_Core_deleteObject__I                                          
1001c559  xdc_runtime_Startup_exec__E                                               
1001c5a9  xdc_runtime_Assert_raise__I                                               
1001c5f1  xdc_runtime_Core_assignParams__I                                          
1001c639  xdc_runtime_Core_constructObject__I                                       
1001c681  xdc_runtime_System_atexit__E                                              
1001c6b9  xdc_runtime_System_processAtExit__E                                       
1001c6ed  xdc_runtime_Core_assignLabel__I                                           
1001c71d  xdc_runtime_Text_cordText__E                                              
1001c749  xdc_runtime_System_abort__E                                               
1001c769  xdc_runtime_Error_raiseX__E                                               
1001c785  xdc_runtime_Memory_valloc__E                                              
1001c7a1  xdc_runtime_Core_destructObject__I                                        
1001c7b9  xdc_runtime_Error_check__E                                                
1001c7d1  xdc_runtime_System_exit__E                                                
1001c7e9  xdc_runtime_Text_ropeText__E                                              
1001c801  xdc_runtime_Memory_free__E                                                
1001c811  xdc_runtime_SysCallback_abort__E                                          
1001c821  xdc_runtime_SysCallback_exit__E                                           
1001c831  xdc_runtime_Timestamp_SupportProxy_get32__E                               
1001c831  xdc_runtime_Timestamp_get32__E                                            
1001c841  xdc_runtime_Error_init__E                                                 
1001c84d  xdc_runtime_Memory_calloc__E                                              
1001c859  xdc_runtime_Memory_getMaxDefaultTypeAlign__E                              
1001c879  xdc_runtime_Gate_leaveSystem__E                                           
1001c87f  xdc_runtime_System_Module_startup__E                                      
1001c885  xdc_runtime_Gate_enterSystem__E                                           
1001c889  xdc_runtime_Memory_HeapProxy_alloc__E                                     
1001c88d  xdc_runtime_Memory_HeapProxy_free__E                                      
1001c891  xdc_runtime_System_Module_GateProxy_enter__E                              
1001c895  xdc_runtime_System_Module_GateProxy_leave__E                              
1001c899  xdc_runtime_System_abortSpin__E                                           
1001c89b  xdc_runtime_System_exitSpin__E                                            
1001c89d  ti_sysbios_family_arm_m3_Hwi_dispatch__I                                  
1001c96d  ti_sysbios_family_arm_m3_TaskSupport_buildTaskStack                       
1001c9b9  ti_sysbios_family_arm_m3_Hwi_initStacks__E                                
1001ca01  ti_sysbios_family_arm_m3_Hwi_excHandlerAsm__I                             
1001ca21  ti_sysbios_family_xxx_Hwi_switchAndRunFunc                                
1001ca3f  ti_sysbios_family_arm_m3_Hwi_pendSV__I                                    
1001ca57  ti_sysbios_family_arm_m3_Hwi_return                                       
1001ca59  ti_sysbios_family_arm_m3_TaskSupport_glue                                 
1001ca69  ti_sysbios_family_arm_m3_TaskSupport_swap__E                              
1001ca71  ti_sysbios_knl_Task_swapReturn                                            
1001ca9b  ti_sysbios_rom_cortexm_cc26xx_CC26xx_getRevision__E                       
20000000  ti_sysbios_family_arm_m3_Hwi_ramVectors                                   
20000100  ti_sysbios_knl_Task_Module__state__V                                      
20000144  ti_sysbios_family_arm_m3_Hwi_Module__state__V                             
20000178  ti_sysbios_knl_Clock_Module__state__V                                     
200001a4  ti_sysbios_BIOS_Module__state__V                                          
200001c8  ti_sysbios_knl_Swi_Module__state__V                                       
200001e4  ti_sysbios_family_arm_cc26xx_Timer_Module__state__V                       
200001ec  ti_sysbios_family_arm_cc26xx_TimestampProvider_Module__state__V           
200001f0  xdc_runtime_Startup_Module__state__V                                      
200001f8  xdc_runtime_System_Module__state__V                                       
20000200  xdc_runtime_Memory_Module__state__V                                       
20000208  uartLog_tail                                                              
20000209  uartLog_head                                                              
2000020a  uartLog_evBufIsEmpty                                                      
2000020c  uartLog_evtNum                                                            
20000214  uartLog_outBuf                                                            
200002c0  uartLog_evBuf                                                             
200007c0  __TI_ft_end                                                               
200007c4  __TI_tmpnams                                                              
20000864  _ftable                                                                   
20000954  PowerCC26XX_module                                                        
20000a64  _stream                                                                   
20000ab4  _device                                                                   
20000b2c  ti_sysbios_knl_Task_Object__table__V                                      
20000b78  ti_sysbios_family_arm_cc26xx_Timer_Object__table__V                       
20000bc0  ti_sysbios_gates_GateMutex_Object__table__V                               
20000bf8  ti_sysbios_knl_Swi_Module_State_0_readyQ__A                               
20000c28  ti_sysbios_knl_Swi_Object__table__V                                       
20000c58  ti_sysbios_knl_Task_Module_State_0_readyQ__A                              
20000c88  ti_sysbios_knl_Clock_Object__table__V                                     
20000ca8  ti_sysbios_family_arm_m3_Hwi_Object__table__V                             
20000cc0  ti_sysbios_heaps_HeapMem_Object__table__V                                 
20000cd8  xdc_runtime_LoggerCallback_Object__table__V                               
20000ce8  __TI_cleanup_ptr                                                          
20000cec  __TI_dtors_ptr                                                            
20000cf0  __TI_enable_exit_profile_output                                           
20000cf4  _lock                                                                     
20000cf8  _unlock                                                                   
20000cfc  ti_sysbios_family_arm_m3_Hwi_Module__root__V                              
20000d04  ti_sysbios_gates_GateHwi_Module__root__V                                  
20000d0c  ti_sysbios_gates_GateMutex_Module__root__V                                
20000d14  ti_sysbios_hal_Hwi_Module__root__V                                        
20000d1c  ti_sysbios_heaps_HeapMem_Module__root__V                                  
20000d24  ti_sysbios_knl_Clock_Module__root__V                                      
20000d2c  ti_sysbios_knl_Mailbox_Module__root__V                                    
20000d34  ti_sysbios_knl_Queue_Module__root__V                                      
20000d3c  ti_sysbios_knl_Semaphore_Module__root__V                                  
20000d44  ti_sysbios_knl_Swi_Module__root__V                                        
20000d4c  ti_sysbios_knl_Task_Module__root__V                                       
20000d54  xdc_runtime_LoggerCallback_Module__root__V                                
20000d5c  xdc_runtime_Registry_Module__state__V                                     
20000d64  main_func_sp                                                              
20000d68  ti_sysbios_family_arm_m3_Hwi_Module_State_0_excContext__A                 
20000d6c  ti_sysbios_family_arm_m3_Hwi_Module_State_0_excStack__A                   
20000d70  ti_sysbios_knl_Task_Module_State_0_idleTask__A                            
20000d74  ti_sysbios_family_arm_m3_Hwi_Module_State_0_excActive__A                  
20000d78  ti_sysbios_heaps_HeapMem_Instance_State_0_buf__A                          
200013f8  ti_sysbios_knl_Task_Instance_State_0_stack__A                             
200015f8  __CIOBUF_                                                                 
20001718  ti_sysbios_family_arm_m3_Hwi_dispatchTable                                
200017e0  PIN_HandleTable                                                           
20001904  parmbuf                                                                   
2000190c  PIN_NumPins                                                               
20001914  driverlib_release_0_46593                                                 
20001915  heapStart                                                                 
20003f48  __stack                                                                   
20003f48  heapEnd                                                                   
20004348  __STACK_END                                                               
20004348  __STACK_TOP                                                               
20004f2c  A4_rw                                                                     
20004f2c  COMMON_RAM_BASE_ADDR                                                      
20004f40  P2_rw                                                                     
20004f40  P2_s0                                                                     
20004f40  eccRom_windowSize                                                         
20004f44  eccRom_workzone                                                           
20004f48  eccRom_param_p                                                            
20004f4c  eccRom_param_r                                                            
20004f50  eccRom_param_a                                                            
20004f54  inScalar                                                                  
20004f58  inPointX                                                                  
20004f5c  inPointY                                                                  
20004f60  outPointX                                                                 
20004f64  outPointY                                                                 
20004f68  SCAL                                                                      
20004f6c  EXPX                                                                      
20004f70  EXPY                                                                      
20004f74  EXPZ                                                                      
20004f78  EXPW                                                                      
20004f7c  ACCX                                                                      
20004f80  ACCY                                                                      
20004f84  ACCZ                                                                      
20004f88  TMP1                                                                      
20004f8c  TMP2                                                                      
20004f90  TMP3                                                                      
20004f94  TMP4                                                                      
20004f98  TMP5                                                                      
20004f9c  TMP6                                                                      
20004fa0  eccRom_param_Gx                                                           
20004fa4  eccRom_param_Gy                                                           
20004fa8  eccRom_param_b                                                            
20004fac  P2_zi                                                                     
20004fac  ratChanInfo                                                               
20004fcc  fwInfoCmd                                                                 
20004fd8  MSBMOD                                                                    
20004fdc  aux64                                                                     
20004fe4  MOD                                                                       
20004fe8  LEN                                                                       
20004ffc  pSspAesEncrypt_Sw                                                         
e000e000  ti_sysbios_family_arm_m3_Hwi_nvic                                         
ffffffff  __TI_pprof_out_hndl                                                       
ffffffff  __TI_prof_data_size                                                       
ffffffff  __TI_prof_data_start                                                      
ffffffff  __binit__                                                                 
ffffffff  binit                                                                     
UNDEFED   HwiP_restore                                                              
UNDEFED   SHT$$INIT_ARRAY$$Base                                                     
UNDEFED   SHT$$INIT_ARRAY$$Limit                                                    
UNDEFED   ti_sysbios_BIOS_RtsGateProxy_Handle__label__S__mangled__                  
UNDEFED   ti_sysbios_BIOS_RtsGateProxy_Object__delete__S__mangled__                 
UNDEFED   ti_sysbios_BIOS_RtsGateProxy_Params__init__S__mangled__                   
UNDEFED   ti_sysbios_BIOS_RtsGateProxy_query__E__mangled__                          
UNDEFED   ti_sysbios_hal_Hwi_HwiProxy_Module__startupDone__S__mangled__             
UNDEFED   ti_sysbios_hal_Hwi_HwiProxy_Object__delete__S__mangled__                  
UNDEFED   ti_sysbios_hal_Hwi_HwiProxy_Params__init__S__mangled__                    
UNDEFED   ti_sysbios_hal_Hwi_HwiProxy_disableInterrupt__E__mangled__                
UNDEFED   ti_sysbios_hal_Hwi_HwiProxy_enableInterrupt__E__mangled__                 
UNDEFED   ti_sysbios_hal_Hwi_HwiProxy_getStackInfo__E__mangled__                    
UNDEFED   ti_sysbios_hal_Hwi_HwiProxy_startup__E__mangled__                         
UNDEFED   ti_sysbios_hal_Hwi_HwiProxy_switchFromBootStack__E__mangled__             
UNDEFED   ti_sysbios_hal_Hwi_disableInterrupt__E                                    
UNDEFED   ti_sysbios_hal_Hwi_enableInterrupt__E                                     
UNDEFED   ti_sysbios_hal_Hwi_getStackInfo__E                                        
UNDEFED   ti_sysbios_hal_Hwi_startup__E                                             
UNDEFED   ti_sysbios_hal_Hwi_switchFromBootStack__E                                 
UNDEFED   ti_sysbios_heaps_HeapMem_Module_GateProxy_Handle__label__S__mangled__     
UNDEFED   ti_sysbios_heaps_HeapMem_Module_GateProxy_Object__delete__S__mangled__    
UNDEFED   ti_sysbios_heaps_HeapMem_Module_GateProxy_Params__init__S__mangled__      
UNDEFED   ti_sysbios_heaps_HeapMem_Module_GateProxy_query__E__mangled__             
UNDEFED   ti_sysbios_knl_Clock_TimerProxy_Module__startupDone__S__mangled__         
UNDEFED   ti_sysbios_knl_Clock_TimerProxy_startup__E__mangled__                     
UNDEFED   ti_sysbios_knl_Task_SupportProxy_Module__startupDone__S__mangled__        
UNDEFED   ti_sysbios_knl_Task_SupportProxy_getStackAlignment__E__mangled__          
UNDEFED   ti_sysbios_knl_Task_SupportProxy_start__E__mangled__                      
UNDEFED   ti_sysbios_knl_Task_SupportProxy_swap__E__mangled__                       
UNDEFED   xdc_runtime_Main_Module_GateProxy_Handle__label__S                        
UNDEFED   xdc_runtime_Main_Module_GateProxy_Object__delete__S                       
UNDEFED   xdc_runtime_Main_Module_GateProxy_query__E                                
UNDEFED   xdc_runtime_Memory_HeapProxy_Handle__label__S__mangled__                  
UNDEFED   xdc_runtime_Memory_HeapProxy_Object__delete__S__mangled__                 
UNDEFED   xdc_runtime_System_Module_GateProxy_Handle__label__S__mangled__           
UNDEFED   xdc_runtime_System_Module_GateProxy_Object__delete__S__mangled__          
UNDEFED   xdc_runtime_System_Module_GateProxy_query__E__mangled__                   
UNDEFED   xdc_runtime_System_SupportProxy_abort__E                                  
UNDEFED   xdc_runtime_System_SupportProxy_exit__E                                   
UNDEFED   xdc_runtime_Timestamp_SupportProxy_get64__E__mangled__                    
UNDEFED   xdc_runtime_Timestamp_SupportProxy_getFreq__E__mangled__                  
UNDEFED   xdc_runtime_Timestamp_get32__E                                            
UNDEFED   xdc_runtime_Timestamp_get64__E                                            
UNDEFED   xdc_runtime_Timestamp_getFreq__E                                          

[941 symbols]
